<html>
<body>
<pre>
<h1>µVision Build Log</h1>
<h2>Tool Versions:</h2>
IDE-Version: ¦ÌVision V5.28.0.0
Copyright (C) 2019 ARM Ltd and ARM Germany GmbH. All rights reserved.
License Information: chen 2257691535@qq.com, chen, LIC=9WS45-GYDD5-IGJ7N-YU9ZF-QZ6P8-FRWFH
 
Tool Versions:
Toolchain:       MDK-ARM Plus  Version: 5.28.0.0
Toolchain Path:  E:\keil\ARM\ARMCC\Bin
C Compiler:      Armcc.exe V5.06 update 6 (build 750)
Assembler:       Armasm.exe V5.06 update 6 (build 750)
Linker/Locator:  ArmLink.exe V5.06 update 6 (build 750)
Library Manager: ArmAr.exe V5.06 update 6 (build 750)
Hex Converter:   FromElf.exe V5.06 update 6 (build 750)
CPU DLL:         SARMCM3.DLL V5.28.0.0
Dialog DLL:      DARMCM1.DLL V1.19.2.0
Target DLL:      CMSIS_AGDI.dll V1.31.18.0
Dialog DLL:      TARMCM1.DLL V1.14.1.0
 
<h2>Project:</h2>
F:\keil\alarm_py32\MDK-ARM\Templates.uvprojx
Project File Date:  09/05/2024

<h2>Output:</h2>
*** Using Compiler 'V5.06 update 6 (build 750)', folder: 'E:\keil\ARM\ARMCC\Bin'
Build target 'PY32F003x4_Templates'
compiling main.c...
linking...
Program Size: Code=12656 RO-data=3196 RW-data=224 ZI-data=1312  
FromELF: creating hex file...
".\Objects\PY32F030x6_Templates.axf" - 0 Error(s), 0 Warning(s).

<h2>Software Packages used:</h2>

Package Vendor: ARM
                http://www.keil.com/pack/ARM.CMSIS.5.5.1.pack
                ARM.CMSIS.5.5.1
                CMSIS (Cortex Microcontroller Software Interface Standard)
   * Component: CORE Version: 5.2.0

Package Vendor: Puya
                https://www.puyasemi.com/Puya.PY32F0xx_DFP.1.1.0.pack
                Puya.PY32F0xx_DFP.1.1.0
                Puya PY32F0 Series Device Support

<h2>Collection of Component include folders:</h2>
  .\RTE\_PY32F003x4_Templates
  C:\Users\86136\AppData\Local\Arm\Packs\ARM\CMSIS\5.5.1\CMSIS\Core\Include
  C:\Users\86136\AppData\Local\Arm\Packs\Puya\PY32F0xx_DFP\1.1.0\Device\Include

<h2>Collection of Component Files used:</h2>

   * Component: ARM::CMSIS:CORE:5.2.0
Build Time Elapsed:  00:00:01
</pre>
</body>
</html>
