Component: ARM Compiler 5.06 update 6 (build 750) Tool: armlink [4d35ed]

==============================================================================

Section Cross References

    system_py32f0xx.o(i.$Sub$$main) refers to main.o(i.main) for $Super$$main
    system_py32f0xx.o(i.$Sub$$main) refers to system_py32f0xx.o(.ARM.__at_0x20000000) for VECT_SRAM_TAB
    system_py32f0xx.o(i.SystemCoreClockUpdate) refers to uidiv.o(.text) for __aeabi_uidivmod
    system_py32f0xx.o(i.SystemCoreClockUpdate) refers to system_py32f0xx.o(.data) for SystemCoreClock
    system_py32f0xx.o(i.SystemCoreClockUpdate) refers to system_py32f0xx.o(.constdata) for HSIFreqTable
    startup_py32f003xx.o(RESET) refers to startup_py32f003xx.o(STACK) for __initial_sp
    startup_py32f003xx.o(RESET) refers to startup_py32f003xx.o(.text) for Reset_Handler
    startup_py32f003xx.o(RESET) refers to py32f0xx_it.o(i.NMI_Handler) for NMI_Handler
    startup_py32f003xx.o(RESET) refers to py32f0xx_it.o(i.HardFault_Handler) for HardFault_Handler
    startup_py32f003xx.o(RESET) refers to py32f0xx_it.o(i.SVC_Handler) for SVC_Handler
    startup_py32f003xx.o(RESET) refers to py32f0xx_it.o(i.PendSV_Handler) for PendSV_Handler
    startup_py32f003xx.o(RESET) refers to py32f0xx_it.o(i.SysTick_Handler) for SysTick_Handler
    startup_py32f003xx.o(RESET) refers to py32f0xx_it.o(i.TIM1_BRK_UP_TRG_COM_IRQHandler) for TIM1_BRK_UP_TRG_COM_IRQHandler
    startup_py32f003xx.o(RESET) refers to py32f0xx_it.o(i.TIM3_IRQHandler) for TIM3_IRQHandler
    startup_py32f003xx.o(.text) refers to system_py32f0xx.o(i.SystemInit) for SystemInit
    startup_py32f003xx.o(.text) refers to entry.o(.ARM.Collect$$$$00000000) for __main
    main.o(i.APP_SystemClockConfig) refers to memseta.o(.text) for __aeabi_memclr4
    main.o(i.APP_SystemClockConfig) refers to py32f0xx_hal_rcc.o(i.HAL_RCC_OscConfig) for HAL_RCC_OscConfig
    main.o(i.APP_SystemClockConfig) refers to main.o(i.Error_Handler) for Error_Handler
    main.o(i.APP_SystemClockConfig) refers to py32f0xx_hal_rcc.o(i.HAL_RCC_ClockConfig) for HAL_RCC_ClockConfig
    main.o(i.HAL_TIM_PeriodElapsedCallback) refers to main.o(.data) for timebase_elapsed
    main.o(i.main) refers to py32f0xx_hal.o(i.HAL_Init) for HAL_Init
    main.o(i.main) refers to main.o(i.APP_SystemClockConfig) for APP_SystemClockConfig
    main.o(i.main) refers to alarm.o(i.init_sys) for init_sys
    main.o(i.main) refers to single_key_detect.o(i.do_single_key_detect) for do_single_key_detect
    main.o(i.main) refers to alarm.o(i.show_alarm_gui) for show_alarm_gui
    main.o(i.main) refers to main.o(.data) for timebase_elapsed
    main.o(i.main) refers to main.o(.bss) for keys
    py32f0xx_hal_msp.o(i.HAL_I2C_MspInit) refers to memseta.o(.text) for __aeabi_memclr4
    py32f0xx_hal_msp.o(i.HAL_I2C_MspInit) refers to py32f0xx_hal_gpio.o(i.HAL_GPIO_Init) for HAL_GPIO_Init
    py32f0xx_hal_msp.o(i.HAL_TIM_Base_MspInit) refers to py32f0xx_hal_gpio.o(i.HAL_GPIO_Init) for HAL_GPIO_Init
    py32f0xx_hal_msp.o(i.HAL_TIM_Base_MspInit) refers to py32f0xx_hal_cortex.o(i.HAL_NVIC_SetPriority) for HAL_NVIC_SetPriority
    py32f0xx_hal_msp.o(i.HAL_TIM_Base_MspInit) refers to py32f0xx_hal_cortex.o(i.HAL_NVIC_EnableIRQ) for HAL_NVIC_EnableIRQ
    py32f0xx_it.o(i.SysTick_Handler) refers to py32f0xx_hal.o(i.HAL_IncTick) for HAL_IncTick
    py32f0xx_it.o(i.TIM1_BRK_UP_TRG_COM_IRQHandler) refers to py32f0xx_hal_tim.o(i.HAL_TIM_IRQHandler) for HAL_TIM_IRQHandler
    py32f0xx_it.o(i.TIM1_BRK_UP_TRG_COM_IRQHandler) refers to beep.o(.bss) for BeepTimHandle
    py32f0xx_it.o(i.TIM3_IRQHandler) refers to py32f0xx_hal_tim.o(i.HAL_TIM_IRQHandler) for HAL_TIM_IRQHandler
    py32f0xx_it.o(i.TIM3_IRQHandler) refers to timebase.o(.bss) for TimHandle
    alarm.o(i.change_num) refers to idiv.o(.text) for __aeabi_idivmod
    alarm.o(i.change_num) refers to alarm.o(.data) for time_for_set
    alarm.o(i.init_sys) refers to py32f0xx_hal.o(i.HAL_Delay) for HAL_Delay
    alarm.o(i.init_sys) refers to py32f0xx_hal_gpio.o(i.HAL_GPIO_Init) for HAL_GPIO_Init
    alarm.o(i.init_sys) refers to single_key_detect.o(i.init_single_key) for init_single_key
    alarm.o(i.init_sys) refers to temp_sensor.o(i.init_temp_sensor) for init_temp_sensor
    alarm.o(i.init_sys) refers to timebase.o(i.init_timebase) for init_timebase
    alarm.o(i.init_sys) refers to beep.o(i.init_beep) for init_beep
    alarm.o(i.init_sys) refers to oled.o(i.OLED_Init) for OLED_Init
    alarm.o(i.init_sys) refers to oled.o(i.OLED_Clear) for OLED_Clear
    alarm.o(i.init_sys) refers to memcpya.o(.text) for __aeabi_memcpy4
    alarm.o(i.init_sys) refers to oled_gui.o(i.GUI_ShowCHinese) for GUI_ShowCHinese
    alarm.o(i.init_sys) refers to alarm.o(i.single_key_callback) for single_key_callback
    alarm.o(i.init_sys) refers to main.o(.bss) for keys
    alarm.o(i.init_sys) refers to alarm.o(.constdata) for .constdata
    alarm.o(i.init_sys) refers to alarm.o(.data) for sec_cnt
[...]
    printf8.o(i.__0vsnprintf$8) refers to printf8.o(i._printf_core) for _printf_core
    printf8.o(i.__0vsnprintf$8) refers to printf8.o(i._snputc) for _snputc
    printf8.o(i.__0vsprintf$8) refers to printf8.o(i._printf_core) for _printf_core
    printf8.o(i.__0vsprintf$8) refers to printf8.o(i._sputc) for _sputc
    printf8.o(i._printf_core) refers to printf8.o(i._printf_pre_padding) for _printf_pre_padding
    printf8.o(i._printf_core) refers to printf8.o(i._printf_post_padding) for _printf_post_padding
    printf8.o(i._printf_core) refers to uldiv.o(.text) for __aeabi_uldivmod
    printfa.o(i.__0fprintf) refers (Special) to iusefp.o(.text) for __I$use$fp
    printfa.o(i.__0fprintf) refers to printfa.o(i._printf_core) for _printf_core
    printfa.o(i.__0fprintf) refers to fputc.o(i.fputc) for fputc
    printfa.o(i.__0printf) refers (Special) to iusefp.o(.text) for __I$use$fp
    printfa.o(i.__0printf) refers to printfa.o(i._printf_core) for _printf_core
    printfa.o(i.__0printf) refers to fputc.o(i.fputc) for fputc
    printfa.o(i.__0printf) refers to stdout.o(.data) for __stdout
    printfa.o(i.__0snprintf) refers (Special) to iusefp.o(.text) for __I$use$fp
    printfa.o(i.__0snprintf) refers to printfa.o(i._printf_core) for _printf_core
    printfa.o(i.__0snprintf) refers to printfa.o(i._snputc) for _snputc
    printfa.o(i.__0sprintf) refers (Special) to iusefp.o(.text) for __I$use$fp
    printfa.o(i.__0sprintf) refers to printfa.o(i._printf_core) for _printf_core
    printfa.o(i.__0sprintf) refers to printfa.o(i._sputc) for _sputc
    printfa.o(i.__0vfprintf) refers (Special) to iusefp.o(.text) for __I$use$fp
    printfa.o(i.__0vfprintf) refers to printfa.o(i._printf_core) for _printf_core
    printfa.o(i.__0vfprintf) refers to fputc.o(i.fputc) for fputc
    printfa.o(i.__0vprintf) refers (Special) to iusefp.o(.text) for __I$use$fp
    printfa.o(i.__0vprintf) refers to printfa.o(i._printf_core) for _printf_core
    printfa.o(i.__0vprintf) refers to fputc.o(i.fputc) for fputc
    printfa.o(i.__0vprintf) refers to stdout.o(.data) for __stdout
    printfa.o(i.__0vsnprintf) refers (Special) to iusefp.o(.text) for __I$use$fp
    printfa.o(i.__0vsnprintf) refers to printfa.o(i._printf_core) for _printf_core
    printfa.o(i.__0vsnprintf) refers to printfa.o(i._snputc) for _snputc
    printfa.o(i.__0vsprintf) refers (Special) to iusefp.o(.text) for __I$use$fp
    printfa.o(i.__0vsprintf) refers to printfa.o(i._printf_core) for _printf_core
    printfa.o(i.__0vsprintf) refers to printfa.o(i._sputc) for _sputc
    printfa.o(i._fp_digits) refers (Special) to iusefp.o(.text) for __I$use$fp
    printfa.o(i._fp_digits) refers to dmul.o(.text) for __aeabi_dmul
    printfa.o(i._fp_digits) refers to ddiv.o(.text) for __aeabi_ddiv
    printfa.o(i._fp_digits) refers to cdrcmple.o(.text) for __aeabi_cdrcmple
    printfa.o(i._fp_digits) refers to dadd.o(.text) for __aeabi_dadd
    printfa.o(i._fp_digits) refers to dfixul.o(.text) for __aeabi_d2ulz
    printfa.o(i._fp_digits) refers to uldiv.o(.text) for __aeabi_uldivmod
    printfa.o(i._printf_core) refers (Special) to iusefp.o(.text) for __I$use$fp
    printfa.o(i._printf_core) refers to printfa.o(i._printf_pre_padding) for _printf_pre_padding
    printfa.o(i._printf_core) refers to uldiv.o(.text) for __aeabi_uldivmod
    printfa.o(i._printf_core) refers to printfa.o(i._printf_post_padding) for _printf_post_padding
    printfa.o(i._printf_core) refers to printfa.o(i._fp_digits) for _fp_digits
    printfa.o(i._printf_core) refers to uidiv.o(.text) for __aeabi_uidivmod
    printfa.o(i._printf_post_padding) refers (Special) to iusefp.o(.text) for __I$use$fp
    printfa.o(i._printf_pre_padding) refers (Special) to iusefp.o(.text) for __I$use$fp
    printfa.o(i._snputc) refers (Special) to iusefp.o(.text) for __I$use$fp
    printfa.o(i._sputc) refers (Special) to iusefp.o(.text) for __I$use$fp
    entry2.o(.ARM.Collect$$$$00000001) refers to entry2.o(.ARM.Collect$$$$00002712) for __lit__00000000
    entry2.o(.ARM.Collect$$$$00002712) refers to startup_py32f003xx.o(STACK) for __initial_sp
    entry2.o(__vectab_stack_and_reset_area) refers to startup_py32f003xx.o(STACK) for __initial_sp
    entry2.o(__vectab_stack_and_reset_area) refers to entry.o(.ARM.Collect$$$$00000000) for __main
    entry5.o(.ARM.Collect$$$$00000004) refers to init.o(.text) for __scatterload
    entry9a.o(.ARM.Collect$$$$0000000B) refers to system_py32f0xx.o(i.$Sub$$main) for main
    entry9b.o(.ARM.Collect$$$$0000000C) refers to system_py32f0xx.o(i.$Sub$$main) for main
    fputc.o(i.fputc) refers (Special) to iusesemip.o(.text) for __I$use$semihosting$fputc
    fputc.o(i.fputc) refers (Special) to semi.o(.text) for __semihosting_library_function
    uldiv.o(.text) refers to llushr.o(.text) for __aeabi_llsr
    uldiv.o(.text) refers to llshl.o(.text) for __aeabi_llsl
    dadd.o(.text) refers to llshl.o(.text) for __aeabi_llsl
    dadd.o(.text) refers to llsshr.o(.text) for __aeabi_lasr
    dadd.o(.text) refers to depilogue.o(.text) for _double_epilogue
    dmul.o(.text) refers to depilogue.o(.text) for _double_epilogue
    ddiv.o(.text) refers to depilogue.o(.text) for _double_round
    dfixul.o(.text) refers to llushr.o(.text) for __aeabi_llsr
    dfixul.o(.text) refers to llshl.o(.text) for __aeabi_llsl
    init.o(.text) refers to entry5.o(.ARM.Collect$$$$00000004) for __main_after_scatterload
    depilogue.o(.text) refers to depilogue.o(i.__ARM_clz) for __ARM_clz
    depilogue.o(.text) refers to llshl.o(.text) for __aeabi_llsl
    depilogue.o(.text) refers to llushr.o(.text) for __aeabi_llsr


==============================================================================

Removing Unused input sections from the image.

    Removing system_py32f0xx.o(.rev16_text), (4 bytes).
    Removing system_py32f0xx.o(.revsh_text), (4 bytes).
    Removing system_py32f0xx.o(i.SystemCoreClockUpdate), (140 bytes).
    Removing startup_py32f003xx.o(HEAP), (0 bytes).
    Removing main.o(.rev16_text), (4 bytes).
    Removing main.o(.revsh_text), (4 bytes).
    Removing py32f0xx_hal_msp.o(.rev16_text), (4 bytes).
    Removing py32f0xx_hal_msp.o(.revsh_text), (4 bytes).
    Removing py32f0xx_it.o(.rev16_text), (4 bytes).
    Removing py32f0xx_it.o(.revsh_text), (4 bytes).
    Removing alarm.o(.rev16_text), (4 bytes).
    Removing alarm.o(.revsh_text), (4 bytes).
    Removing single_key_detect.o(.rev16_text), (4 bytes).
    Removing single_key_detect.o(.revsh_text), (4 bytes).
    Removing timebase.o(.rev16_text), (4 bytes).
    Removing timebase.o(.revsh_text), (4 bytes).
    Removing oled.o(.rev16_text), (4 bytes).
    Removing oled.o(.revsh_text), (4 bytes).
    Removing oled_gui.o(.rev16_text), (4 bytes).
    Removing oled_gui.o(.revsh_text), (4 bytes).
    Removing oled_gui.o(i.GUI_Fill), (98 bytes).
    Removing oled_gui.o(i.GUI_ShowNum), (182 bytes).
    Removing oled_gui.o(i.mypow), (26 bytes).
    Removing temp_sensor.o(.rev16_text), (4 bytes).
    Removing temp_sensor.o(.revsh_text), (4 bytes).
    Removing beep.o(.rev16_text), (4 bytes).
    Removing beep.o(.revsh_text), (4 bytes).
    Removing py32f0xx_hal.o(.rev16_text), (4 bytes).
    Removing py32f0xx_hal.o(.revsh_text), (4 bytes).
    Removing py32f0xx_hal.o(i.HAL_DBGMCU_DisableDBGMCUStopMode), (20 bytes).
    Removing py32f0xx_hal.o(i.HAL_DBGMCU_EnableDBGMCUStopMode), (20 bytes).
    Removing py32f0xx_hal.o(i.HAL_DeInit), (52 bytes).
    Removing py32f0xx_hal.o(i.HAL_GetDEVID), (16 bytes).
    Removing py32f0xx_hal.o(i.HAL_GetHalVersion), (8 bytes).
    Removing py32f0xx_hal.o(i.HAL_GetREVID), (12 bytes).
    Removing py32f0xx_hal.o(i.HAL_GetTickFreq), (12 bytes).
    Removing py32f0xx_hal.o(i.HAL_GetTickPrio), (12 bytes).
    Removing py32f0xx_hal.o(i.HAL_GetUIDw0), (12 bytes).
    Removing py32f0xx_hal.o(i.HAL_GetUIDw1), (12 bytes).
    Removing py32f0xx_hal.o(i.HAL_GetUIDw2), (12 bytes).
    Removing py32f0xx_hal.o(i.HAL_MspDeInit), (2 bytes).
    Removing py32f0xx_hal.o(i.HAL_MspInit), (2 bytes).
    Removing py32f0xx_hal.o(i.HAL_ResumeTick), (20 bytes).
    Removing py32f0xx_hal.o(i.HAL_SYSCFG_DMA_Req), (16 bytes).
    Removing py32f0xx_hal.o(i.HAL_SetTickFreq), (44 bytes).
    Removing py32f0xx_hal.o(i.HAL_SuspendTick), (20 bytes).
    Removing py32f0xx_hal_cortex.o(.rev16_text), (4 bytes).
    Removing py32f0xx_hal_cortex.o(.revsh_text), (4 bytes).
    Removing py32f0xx_hal_cortex.o(i.HAL_NVIC_ClearPendingIRQ), (28 bytes).
    Removing py32f0xx_hal_cortex.o(i.HAL_NVIC_DisableIRQ), (60 bytes).
    Removing py32f0xx_hal_cortex.o(i.HAL_NVIC_GetPendingIRQ), (48 bytes).
    Removing py32f0xx_hal_cortex.o(i.HAL_NVIC_GetPriority), (72 bytes).
    Removing py32f0xx_hal_cortex.o(i.HAL_NVIC_SetPendingIRQ), (28 bytes).
    Removing py32f0xx_hal_cortex.o(i.HAL_NVIC_SystemReset), (56 bytes).
    Removing py32f0xx_hal_cortex.o(i.HAL_SYSTICK_CLKSourceConfig), (36 bytes).
    Removing py32f0xx_hal_cortex.o(i.HAL_SYSTICK_Callback), (2 bytes).
    Removing py32f0xx_hal_cortex.o(i.HAL_SYSTICK_IRQHandler), (8 bytes).
    Removing py32f0xx_hal_dma.o(.rev16_text), (4 bytes).
    Removing py32f0xx_hal_dma.o(.revsh_text), (4 bytes).
    Removing py32f0xx_hal_dma.o(i.DMA_SetConfig), (42 bytes).
    Removing py32f0xx_hal_dma.o(i.HAL_DMA_Abort), (84 bytes).
    Removing py32f0xx_hal_dma.o(i.HAL_DMA_Abort_IT), (120 bytes).
    Removing py32f0xx_hal_dma.o(i.HAL_DMA_ChannelMap), (92 bytes).
    Removing py32f0xx_hal_dma.o(i.HAL_DMA_DeInit), (108 bytes).
    Removing py32f0xx_hal_dma.o(i.HAL_DMA_GetError), (6 bytes).
    Removing py32f0xx_hal_dma.o(i.HAL_DMA_GetState), (8 bytes).
    Removing py32f0xx_hal_dma.o(i.HAL_DMA_IRQHandler), (296 bytes).
    Removing py32f0xx_hal_dma.o(i.HAL_DMA_Init), (112 bytes).
    Removing py32f0xx_hal_dma.o(i.HAL_DMA_PollForTransfer), (380 bytes).
    Removing py32f0xx_hal_dma.o(i.HAL_DMA_RegisterCallback), (92 bytes).
    Removing py32f0xx_hal_dma.o(i.HAL_DMA_Start), (110 bytes).
    Removing py32f0xx_hal_dma.o(i.HAL_DMA_Start_IT), (154 bytes).
    Removing py32f0xx_hal_dma.o(i.HAL_DMA_UnRegisterCallback), (108 bytes).
    Removing py32f0xx_hal_pwr.o(.rev16_text), (4 bytes).
    Removing py32f0xx_hal_pwr.o(.revsh_text), (4 bytes).
    Removing py32f0xx_hal_pwr.o(i.HAL_PWR_ConfigPVD), (204 bytes).
    Removing py32f0xx_hal_pwr.o(i.HAL_PWR_DeInit), (32 bytes).
    Removing py32f0xx_hal_pwr.o(i.HAL_PWR_DisableBkUpAccess), (20 bytes).
    Removing py32f0xx_hal_pwr.o(i.HAL_PWR_DisablePVD), (20 bytes).
    Removing py32f0xx_hal_pwr.o(i.HAL_PWR_DisableSEVOnPend), (20 bytes).
    Removing py32f0xx_hal_pwr.o(i.HAL_PWR_DisableSleepOnExit), (20 bytes).
    Removing py32f0xx_hal_pwr.o(i.HAL_PWR_EnableBkUpAccess), (20 bytes).
    Removing py32f0xx_hal_pwr.o(i.HAL_PWR_EnablePVD), (20 bytes).
    Removing py32f0xx_hal_pwr.o(i.HAL_PWR_EnableSEVOnPend), (20 bytes).
    Removing py32f0xx_hal_pwr.o(i.HAL_PWR_EnableSleepOnExit), (20 bytes).
    Removing py32f0xx_hal_pwr.o(i.HAL_PWR_EnterSLEEPMode), (32 bytes).
    Removing py32f0xx_hal_pwr.o(i.HAL_PWR_EnterSTOPMode), (84 bytes).
    Removing py32f0xx_hal_pwr.o(i.HAL_PWR_PVD_Callback), (2 bytes).
    Removing py32f0xx_hal_pwr.o(i.HAL_PWR_PVD_IRQHandler), (32 bytes).
    Removing py32f0xx_hal_rcc.o(.rev16_text), (4 bytes).
    Removing py32f0xx_hal_rcc.o(.revsh_text), (4 bytes).
    Removing py32f0xx_hal_rcc.o(i.HAL_RCC_CSSCallback), (2 bytes).
    Removing py32f0xx_hal_rcc.o(i.HAL_RCC_DeInit), (168 bytes).
    Removing py32f0xx_hal_rcc.o(i.HAL_RCC_EnableCSS), (20 bytes).
    Removing py32f0xx_hal_rcc.o(i.HAL_RCC_GetClockConfig), (60 bytes).
    Removing py32f0xx_hal_rcc.o(i.HAL_RCC_GetOscConfig), (132 bytes).
    Removing py32f0xx_hal_rcc.o(i.HAL_RCC_MCOConfig), (408 bytes).
    Removing py32f0xx_hal_rcc.o(i.HAL_RCC_NMI_IRQHandler), (32 bytes).
    Removing py32f0xx_hal_rcc_ex.o(.rev16_text), (4 bytes).
    Removing py32f0xx_hal_rcc_ex.o(.revsh_text), (4 bytes).
    Removing py32f0xx_hal_rcc_ex.o(i.HAL_RCCEx_DisableLSCO), (120 bytes).
    Removing py32f0xx_hal_rcc_ex.o(i.HAL_RCCEx_EnableLSCO), (124 bytes).
    Removing py32f0xx_hal_rcc_ex.o(i.HAL_RCCEx_GetPeriphCLKConfig), (68 bytes).
    Removing py32f0xx_hal_rcc_ex.o(i.HAL_RCCEx_GetPeriphCLKFreq), (236 bytes).
    Removing py32f0xx_hal_rcc_ex.o(i.HAL_RCCEx_PeriphCLKConfig), (372 bytes).
    Removing py32f0xx_hal_gpio.o(.rev16_text), (4 bytes).
    Removing py32f0xx_hal_gpio.o(.revsh_text), (4 bytes).
    Removing py32f0xx_hal_gpio.o(i.HAL_GPIO_DeInit), (244 bytes).
    Removing py32f0xx_hal_gpio.o(i.HAL_GPIO_EXTI_Callback), (2 bytes).
    Removing py32f0xx_hal_gpio.o(i.HAL_GPIO_EXTI_IRQHandler), (32 bytes).
    Removing py32f0xx_hal_gpio.o(i.HAL_GPIO_LockPin), (50 bytes).
    Removing py32f0xx_hal_gpio.o(i.HAL_GPIO_TogglePin), (16 bytes).
    Removing py32f0xx_hal_tim.o(.rev16_text), (4 bytes).
    Removing py32f0xx_hal_tim.o(.revsh_text), (4 bytes).
    Removing py32f0xx_hal_tim.o(i.HAL_TIM_Base_DeInit), (80 bytes).
    Removing py32f0xx_hal_tim.o(i.HAL_TIM_Base_GetState), (8 bytes).
    Removing py32f0xx_hal_tim.o(i.HAL_TIM_Base_MspDeInit), (2 bytes).
    Removing py32f0xx_hal_tim.o(i.HAL_TIM_Base_MspInit), (2 bytes).
    Removing py32f0xx_hal_tim.o(i.HAL_TIM_Base_Start), (42 bytes).
    Removing py32f0xx_hal_tim.o(i.HAL_TIM_Base_Start_DMA), (140 bytes).
    Removing py32f0xx_hal_tim.o(i.HAL_TIM_Base_Stop), (64 bytes).
    Removing py32f0xx_hal_tim.o(i.HAL_TIM_Base_Stop_DMA), (80 bytes).
    Removing py32f0xx_hal_tim.o(i.HAL_TIM_Base_Stop_IT), (64 bytes).
    Removing py32f0xx_hal_tim.o(i.HAL_TIM_ConfigClockSource), (272 bytes).
    Removing py32f0xx_hal_tim.o(i.HAL_TIM_ConfigOCrefClear), (328 bytes).
    Removing py32f0xx_hal_tim.o(i.HAL_TIM_ConfigTI1Input), (32 bytes).
    Removing py32f0xx_hal_tim.o(i.HAL_TIM_DMABurst_MultiReadStart), (496 bytes).
    Removing py32f0xx_hal_tim.o(i.HAL_TIM_DMABurst_MultiWriteStart), (496 bytes).
    Removing py32f0xx_hal_tim.o(i.HAL_TIM_DMABurst_ReadStart), (36 bytes).
    Removing py32f0xx_hal_tim.o(i.HAL_TIM_DMABurst_ReadStop), (166 bytes).
    Removing py32f0xx_hal_tim.o(i.HAL_TIM_DMABurst_WriteStart), (36 bytes).
    Removing py32f0xx_hal_tim.o(i.HAL_TIM_DMABurst_WriteStop), (166 bytes).
    Removing py32f0xx_hal_tim.o(i.HAL_TIM_Encoder_DeInit), (80 bytes).
    Removing py32f0xx_hal_tim.o(i.HAL_TIM_Encoder_GetState), (8 bytes).
    Removing py32f0xx_hal_tim.o(i.HAL_TIM_Encoder_Init), (192 bytes).
    Removing py32f0xx_hal_tim.o(i.HAL_TIM_Encoder_MspDeInit), (2 bytes).
    Removing py32f0xx_hal_tim.o(i.HAL_TIM_Encoder_MspInit), (2 bytes).
    Removing py32f0xx_hal_tim.o(i.HAL_TIM_Encoder_Start), (80 bytes).
    Removing py32f0xx_hal_tim.o(i.HAL_TIM_Encoder_Start_DMA), (396 bytes).
    Removing py32f0xx_hal_tim.o(i.HAL_TIM_Encoder_Start_IT), (128 bytes).
    Removing py32f0xx_hal_tim.o(i.HAL_TIM_Encoder_Stop), (112 bytes).
    Removing py32f0xx_hal_tim.o(i.HAL_TIM_Encoder_Stop_DMA), (192 bytes).
    Removing py32f0xx_hal_tim.o(i.HAL_TIM_Encoder_Stop_IT), (160 bytes).
    Removing py32f0xx_hal_tim.o(i.HAL_TIM_ErrorCallback), (2 bytes).
    Removing py32f0xx_hal_tim.o(i.HAL_TIM_GenerateEvent), (54 bytes).
    Removing py32f0xx_hal_tim.o(i.HAL_TIM_IC_CaptureHalfCpltCallback), (2 bytes).
    Removing py32f0xx_hal_tim.o(i.HAL_TIM_IC_ConfigChannel), (226 bytes).
    Removing py32f0xx_hal_tim.o(i.HAL_TIM_IC_DeInit), (80 bytes).
    Removing py32f0xx_hal_tim.o(i.HAL_TIM_IC_GetState), (8 bytes).
    Removing py32f0xx_hal_tim.o(i.HAL_TIM_IC_Init), (56 bytes).
    Removing py32f0xx_hal_tim.o(i.HAL_TIM_IC_MspDeInit), (2 bytes).
    Removing py32f0xx_hal_tim.o(i.HAL_TIM_IC_MspInit), (2 bytes).
    Removing py32f0xx_hal_tim.o(i.HAL_TIM_IC_Start), (44 bytes).
    Removing py32f0xx_hal_tim.o(i.HAL_TIM_IC_Start_DMA), (356 bytes).
    Removing py32f0xx_hal_tim.o(i.HAL_TIM_IC_Start_IT), (122 bytes).
    Removing py32f0xx_hal_tim.o(i.HAL_TIM_IC_Stop), (64 bytes).
    Removing py32f0xx_hal_tim.o(i.HAL_TIM_IC_Stop_DMA), (180 bytes).
    Removing py32f0xx_hal_tim.o(i.HAL_TIM_IC_Stop_IT), (144 bytes).
    Removing py32f0xx_hal_tim.o(i.HAL_TIM_OC_DeInit), (80 bytes).
    Removing py32f0xx_hal_tim.o(i.HAL_TIM_OC_GetState), (8 bytes).
    Removing py32f0xx_hal_tim.o(i.HAL_TIM_OC_Init), (56 bytes).
    Removing py32f0xx_hal_tim.o(i.HAL_TIM_OC_MspDeInit), (2 bytes).
    Removing py32f0xx_hal_tim.o(i.HAL_TIM_OC_MspInit), (2 bytes).
    Removing py32f0xx_hal_tim.o(i.HAL_TIM_OC_Start_DMA), (416 bytes).
    Removing py32f0xx_hal_tim.o(i.HAL_TIM_OC_Start_IT), (184 bytes).
    Removing py32f0xx_hal_tim.o(i.HAL_TIM_OC_Stop_DMA), (268 bytes).
    Removing py32f0xx_hal_tim.o(i.HAL_TIM_OC_Stop_IT), (232 bytes).
    Removing py32f0xx_hal_tim.o(i.HAL_TIM_OnePulse_ConfigChannel), (298 bytes).
    Removing py32f0xx_hal_tim.o(i.HAL_TIM_OnePulse_DeInit), (80 bytes).
    Removing py32f0xx_hal_tim.o(i.HAL_TIM_OnePulse_GetState), (8 bytes).
    Removing py32f0xx_hal_tim.o(i.HAL_TIM_OnePulse_Init), (80 bytes).
    Removing py32f0xx_hal_tim.o(i.HAL_TIM_OnePulse_MspDeInit), (2 bytes).
    Removing py32f0xx_hal_tim.o(i.HAL_TIM_OnePulse_MspInit), (2 bytes).
    Removing py32f0xx_hal_tim.o(i.HAL_TIM_OnePulse_Start), (92 bytes).
    Removing py32f0xx_hal_tim.o(i.HAL_TIM_OnePulse_Start_IT), (116 bytes).
    Removing py32f0xx_hal_tim.o(i.HAL_TIM_OnePulse_Stop), (164 bytes).
    Removing py32f0xx_hal_tim.o(i.HAL_TIM_OnePulse_Stop_IT), (188 bytes).
    Removing py32f0xx_hal_tim.o(i.HAL_TIM_PWM_ConfigChannel), (274 bytes).
    Removing py32f0xx_hal_tim.o(i.HAL_TIM_PWM_DeInit), (80 bytes).
    Removing py32f0xx_hal_tim.o(i.HAL_TIM_PWM_GetState), (8 bytes).
    Removing py32f0xx_hal_tim.o(i.HAL_TIM_PWM_Init), (56 bytes).
    Removing py32f0xx_hal_tim.o(i.HAL_TIM_PWM_MspDeInit), (2 bytes).
    Removing py32f0xx_hal_tim.o(i.HAL_TIM_PWM_MspInit), (2 bytes).
    Removing py32f0xx_hal_tim.o(i.HAL_TIM_PWM_PulseFinishedHalfCpltCallback), (2 bytes).
    Removing py32f0xx_hal_tim.o(i.HAL_TIM_PWM_Start), (104 bytes).
    Removing py32f0xx_hal_tim.o(i.HAL_TIM_PWM_Start_DMA), (416 bytes).
    Removing py32f0xx_hal_tim.o(i.HAL_TIM_PWM_Start_IT), (184 bytes).
    Removing py32f0xx_hal_tim.o(i.HAL_TIM_PWM_Stop), (160 bytes).
    Removing py32f0xx_hal_tim.o(i.HAL_TIM_PWM_Stop_DMA), (268 bytes).
    Removing py32f0xx_hal_tim.o(i.HAL_TIM_PWM_Stop_IT), (232 bytes).
    Removing py32f0xx_hal_tim.o(i.HAL_TIM_PeriodElapsedCallback), (2 bytes).
    Removing py32f0xx_hal_tim.o(i.HAL_TIM_PeriodElapsedHalfCpltCallback), (2 bytes).
    Removing py32f0xx_hal_tim.o(i.HAL_TIM_ReadCapturedValue), (52 bytes).
    Removing py32f0xx_hal_tim.o(i.HAL_TIM_SlaveConfigSynchro), (112 bytes).
    Removing py32f0xx_hal_tim.o(i.HAL_TIM_SlaveConfigSynchro_IT), (112 bytes).
    Removing py32f0xx_hal_tim.o(i.HAL_TIM_TriggerHalfCpltCallback), (2 bytes).
    Removing py32f0xx_hal_tim.o(i.TIM_DMACaptureCplt), (70 bytes).
    Removing py32f0xx_hal_tim.o(i.TIM_DMACaptureHalfCplt), (70 bytes).
    Removing py32f0xx_hal_tim.o(i.TIM_DMADelayPulseCplt), (70 bytes).
    Removing py32f0xx_hal_tim.o(i.TIM_DMADelayPulseHalfCplt), (70 bytes).
    Removing py32f0xx_hal_tim.o(i.TIM_DMAError), (20 bytes).
    Removing py32f0xx_hal_tim.o(i.TIM_DMAPeriodElapsedCplt), (20 bytes).
    Removing py32f0xx_hal_tim.o(i.TIM_DMAPeriodElapsedHalfCplt), (20 bytes).
    Removing py32f0xx_hal_tim.o(i.TIM_DMATriggerCplt), (20 bytes).
    Removing py32f0xx_hal_tim.o(i.TIM_DMATriggerHalfCplt), (20 bytes).
    Removing py32f0xx_hal_tim.o(i.TIM_ETR_SetConfig), (28 bytes).
    Removing py32f0xx_hal_tim.o(i.TIM_ITRx_SetConfig), (24 bytes).
    Removing py32f0xx_hal_tim.o(i.TIM_SlaveTimer_SetConfig), (176 bytes).
    Removing py32f0xx_hal_tim.o(i.TIM_TI1_ConfigInputStage), (50 bytes).
    Removing py32f0xx_hal_tim.o(i.TIM_TI1_SetConfig), (96 bytes).
    Removing py32f0xx_hal_tim.o(i.TIM_TI2_ConfigInputStage), (50 bytes).
    Removing py32f0xx_hal_tim.o(i.TIM_TI2_SetConfig), (72 bytes).
    Removing py32f0xx_hal_tim.o(i.TIM_TI3_SetConfig), (70 bytes).
    Removing py32f0xx_hal_tim.o(i.TIM_TI4_SetConfig), (78 bytes).
    Removing py32f0xx_hal_tim_ex.o(.rev16_text), (4 bytes).
    Removing py32f0xx_hal_tim_ex.o(.revsh_text), (4 bytes).
    Removing py32f0xx_hal_tim_ex.o(i.HAL_TIMEx_CommutHalfCpltCallback), (2 bytes).
    Removing py32f0xx_hal_tim_ex.o(i.HAL_TIMEx_ConfigBreakDeadTime), (140 bytes).
    Removing py32f0xx_hal_tim_ex.o(i.HAL_TIMEx_ConfigCommutEvent), (124 bytes).
    Removing py32f0xx_hal_tim_ex.o(i.HAL_TIMEx_ConfigCommutEvent_DMA), (168 bytes).
    Removing py32f0xx_hal_tim_ex.o(i.HAL_TIMEx_ConfigCommutEvent_IT), (138 bytes).
    Removing py32f0xx_hal_tim_ex.o(i.HAL_TIMEx_HallSensor_DeInit), (80 bytes).
    Removing py32f0xx_hal_tim_ex.o(i.HAL_TIMEx_HallSensor_GetState), (8 bytes).
    Removing py32f0xx_hal_tim_ex.o(i.HAL_TIMEx_HallSensor_Init), (212 bytes).
    Removing py32f0xx_hal_tim_ex.o(i.HAL_TIMEx_HallSensor_MspDeInit), (2 bytes).
    Removing py32f0xx_hal_tim_ex.o(i.HAL_TIMEx_HallSensor_MspInit), (2 bytes).
    Removing py32f0xx_hal_tim_ex.o(i.HAL_TIMEx_HallSensor_Start), (42 bytes).
    Removing py32f0xx_hal_tim_ex.o(i.HAL_TIMEx_HallSensor_Start_DMA), (148 bytes).
    Removing py32f0xx_hal_tim_ex.o(i.HAL_TIMEx_HallSensor_Start_IT), (54 bytes).
    Removing py32f0xx_hal_tim_ex.o(i.HAL_TIMEx_HallSensor_Stop), (64 bytes).
    Removing py32f0xx_hal_tim_ex.o(i.HAL_TIMEx_HallSensor_Stop_DMA), (84 bytes).
    Removing py32f0xx_hal_tim_ex.o(i.HAL_TIMEx_HallSensor_Stop_IT), (76 bytes).
    Removing py32f0xx_hal_tim_ex.o(i.HAL_TIMEx_MasterConfigSynchronization), (120 bytes).
    Removing py32f0xx_hal_tim_ex.o(i.HAL_TIMEx_OCN_Start), (58 bytes).
    Removing py32f0xx_hal_tim_ex.o(i.HAL_TIMEx_OCN_Start_DMA), (304 bytes).
    Removing py32f0xx_hal_tim_ex.o(i.HAL_TIMEx_OCN_Start_IT), (130 bytes).
    Removing py32f0xx_hal_tim_ex.o(i.HAL_TIMEx_OCN_Stop), (108 bytes).
    Removing py32f0xx_hal_tim_ex.o(i.HAL_TIMEx_OCN_Stop_DMA), (196 bytes).
    Removing py32f0xx_hal_tim_ex.o(i.HAL_TIMEx_OCN_Stop_IT), (196 bytes).
    Removing py32f0xx_hal_tim_ex.o(i.HAL_TIMEx_OnePulseN_Start), (34 bytes).
    Removing py32f0xx_hal_tim_ex.o(i.HAL_TIMEx_OnePulseN_Start_IT), (58 bytes).
    Removing py32f0xx_hal_tim_ex.o(i.HAL_TIMEx_OnePulseN_Stop), (108 bytes).
    Removing py32f0xx_hal_tim_ex.o(i.HAL_TIMEx_OnePulseN_Stop_IT), (132 bytes).
    Removing py32f0xx_hal_tim_ex.o(i.HAL_TIMEx_PWMN_Start), (58 bytes).
    Removing py32f0xx_hal_tim_ex.o(i.HAL_TIMEx_PWMN_Start_DMA), (304 bytes).
    Removing py32f0xx_hal_tim_ex.o(i.HAL_TIMEx_PWMN_Start_IT), (130 bytes).
    Removing py32f0xx_hal_tim_ex.o(i.HAL_TIMEx_PWMN_Stop), (108 bytes).
    Removing py32f0xx_hal_tim_ex.o(i.HAL_TIMEx_PWMN_Stop_DMA), (196 bytes).
    Removing py32f0xx_hal_tim_ex.o(i.HAL_TIMEx_PWMN_Stop_IT), (196 bytes).
    Removing py32f0xx_hal_tim_ex.o(i.HAL_TIMEx_RemapConfig), (42 bytes).
    Removing py32f0xx_hal_tim_ex.o(i.TIMEx_DMACommutationCplt), (20 bytes).
    Removing py32f0xx_hal_tim_ex.o(i.TIMEx_DMACommutationHalfCplt), (20 bytes).
    Removing py32f0xx_hal_tim_ex.o(i.TIM_CCxNChannelCmd), (34 bytes).
    Removing py32f0xx_hal_i2c.o(.rev16_text), (4 bytes).
    Removing py32f0xx_hal_i2c.o(.revsh_text), (4 bytes).
    Removing py32f0xx_hal_i2c.o(i.HAL_I2C_AbortCpltCallback), (2 bytes).
    Removing py32f0xx_hal_i2c.o(i.HAL_I2C_AddrCallback), (2 bytes).
    Removing py32f0xx_hal_i2c.o(i.HAL_I2C_DeInit), (66 bytes).
    Removing py32f0xx_hal_i2c.o(i.HAL_I2C_DisableListen_IT), (74 bytes).
    Removing py32f0xx_hal_i2c.o(i.HAL_I2C_ER_IRQHandler), (288 bytes).
    Removing py32f0xx_hal_i2c.o(i.HAL_I2C_EV_IRQHandler), (600 bytes).
    Removing py32f0xx_hal_i2c.o(i.HAL_I2C_EnableListen_IT), (76 bytes).
    Removing py32f0xx_hal_i2c.o(i.HAL_I2C_ErrorCallback), (2 bytes).
    Removing py32f0xx_hal_i2c.o(i.HAL_I2C_GetError), (6 bytes).
    Removing py32f0xx_hal_i2c.o(i.HAL_I2C_GetMode), (8 bytes).
    Removing py32f0xx_hal_i2c.o(i.HAL_I2C_IsDeviceReady), (464 bytes).
    Removing py32f0xx_hal_i2c.o(i.HAL_I2C_ListenCpltCallback), (2 bytes).
    Removing py32f0xx_hal_i2c.o(i.HAL_I2C_MasterRxCpltCallback), (2 bytes).
    Removing py32f0xx_hal_i2c.o(i.HAL_I2C_MasterTxCpltCallback), (2 bytes).
    Removing py32f0xx_hal_i2c.o(i.HAL_I2C_Master_Abort_IT), (116 bytes).
    Removing py32f0xx_hal_i2c.o(i.HAL_I2C_Master_Receive_DMA), (436 bytes).
    Removing py32f0xx_hal_i2c.o(i.HAL_I2C_Master_Receive_IT), (268 bytes).
    Removing py32f0xx_hal_i2c.o(i.HAL_I2C_Master_Seq_Receive_DMA), (660 bytes).
    Removing py32f0xx_hal_i2c.o(i.HAL_I2C_Master_Seq_Receive_IT), (392 bytes).
    Removing py32f0xx_hal_i2c.o(i.HAL_I2C_Master_Seq_Transmit_DMA), (520 bytes).
    Removing py32f0xx_hal_i2c.o(i.HAL_I2C_Master_Seq_Transmit_IT), (300 bytes).
    Removing py32f0xx_hal_i2c.o(i.HAL_I2C_Master_Transmit_DMA), (500 bytes).
    Removing py32f0xx_hal_i2c.o(i.HAL_I2C_Master_Transmit_IT), (252 bytes).
    Removing py32f0xx_hal_i2c.o(i.HAL_I2C_MemRxCpltCallback), (2 bytes).
    Removing py32f0xx_hal_i2c.o(i.HAL_I2C_MemTxCpltCallback), (2 bytes).
    Removing py32f0xx_hal_i2c.o(i.HAL_I2C_Mem_Read), (816 bytes).
    Removing py32f0xx_hal_i2c.o(i.HAL_I2C_Mem_Read_DMA), (516 bytes).
    Removing py32f0xx_hal_i2c.o(i.HAL_I2C_Mem_Read_IT), (284 bytes).
    Removing py32f0xx_hal_i2c.o(i.HAL_I2C_Mem_Write), (372 bytes).
    Removing py32f0xx_hal_i2c.o(i.HAL_I2C_Mem_Write_DMA), (436 bytes).
    Removing py32f0xx_hal_i2c.o(i.HAL_I2C_Mem_Write_IT), (264 bytes).
    Removing py32f0xx_hal_i2c.o(i.HAL_I2C_MspDeInit), (2 bytes).
    Removing py32f0xx_hal_i2c.o(i.HAL_I2C_MspInit), (2 bytes).
    Removing py32f0xx_hal_i2c.o(i.HAL_I2C_SlaveRxCpltCallback), (2 bytes).
    Removing py32f0xx_hal_i2c.o(i.HAL_I2C_SlaveTxCpltCallback), (2 bytes).
    Removing py32f0xx_hal_i2c.o(i.HAL_I2C_Slave_Receive), (404 bytes).
    Removing py32f0xx_hal_i2c.o(i.HAL_I2C_Slave_Receive_DMA), (268 bytes).
    Removing py32f0xx_hal_i2c.o(i.HAL_I2C_Slave_Receive_IT), (156 bytes).
    Removing py32f0xx_hal_i2c.o(i.HAL_I2C_Slave_Seq_Receive_DMA), (440 bytes).
    Removing py32f0xx_hal_i2c.o(i.HAL_I2C_Slave_Seq_Receive_IT), (164 bytes).
    Removing py32f0xx_hal_i2c.o(i.HAL_I2C_Slave_Seq_Transmit_DMA), (440 bytes).
    Removing py32f0xx_hal_i2c.o(i.HAL_I2C_Slave_Seq_Transmit_IT), (164 bytes).
    Removing py32f0xx_hal_i2c.o(i.HAL_I2C_Slave_Transmit), (380 bytes).
    Removing py32f0xx_hal_i2c.o(i.HAL_I2C_Slave_Transmit_DMA), (324 bytes).
    Removing py32f0xx_hal_i2c.o(i.HAL_I2C_Slave_Transmit_IT), (156 bytes).
    Removing py32f0xx_hal_i2c.o(i.I2C_ConvertOtherXferOptions), (32 bytes).
    Removing py32f0xx_hal_i2c.o(i.I2C_DMAAbort), (156 bytes).
    Removing py32f0xx_hal_i2c.o(i.I2C_DMAError), (62 bytes).
    Removing py32f0xx_hal_i2c.o(i.I2C_DMAXferCplt), (320 bytes).
    Removing py32f0xx_hal_i2c.o(i.I2C_ITError), (404 bytes).
    Removing py32f0xx_hal_i2c.o(i.I2C_MasterReceive_BTF), (310 bytes).
    Removing py32f0xx_hal_i2c.o(i.I2C_MasterReceive_RXNE), (174 bytes).
    Removing py32f0xx_hal_i2c.o(i.I2C_MasterTransmit_BTF), (172 bytes).
    Removing py32f0xx_hal_i2c.o(i.I2C_MasterTransmit_TXE), (352 bytes).
    Removing py32f0xx_hal_i2c.o(i.I2C_Master_ADD10), (52 bytes).
    Removing py32f0xx_hal_i2c.o(i.I2C_Master_ADDR), (616 bytes).
    Removing py32f0xx_hal_i2c.o(i.I2C_Master_SB), (116 bytes).
    Removing py32f0xx_hal_i2c.o(i.I2C_RequestMemoryRead), (340 bytes).
    Removing py32f0xx_hal_i2c.o(i.I2C_RequestMemoryWrite), (244 bytes).
    Removing py32f0xx_hal_i2c.o(i.I2C_SlaveReceive_BTF), (28 bytes).
    Removing py32f0xx_hal_i2c.o(i.I2C_SlaveReceive_RXNE), (76 bytes).
    Removing py32f0xx_hal_i2c.o(i.I2C_SlaveTransmit_BTF), (28 bytes).
    Removing py32f0xx_hal_i2c.o(i.I2C_SlaveTransmit_TXE), (76 bytes).
    Removing py32f0xx_hal_i2c.o(i.I2C_Slave_ADDR), (90 bytes).
    Removing py32f0xx_hal_i2c.o(i.I2C_Slave_AF), (168 bytes).
    Removing py32f0xx_hal_i2c.o(i.I2C_Slave_STOPF), (424 bytes).
    Removing py32f0xx_hal_i2c.o(i.I2C_WaitOnSTOPFlagUntilTimeout), (94 bytes).
    Removing dadd.o(.text), (356 bytes).
    Removing dmul.o(.text), (208 bytes).
    Removing ddiv.o(.text), (240 bytes).
    Removing dfixul.o(.text), (64 bytes).
    Removing cdrcmple.o(.text), (40 bytes).
    Removing depilogue.o(.text), (190 bytes).
    Removing py32f0xx_hal_dma.o(i.__ARM_common_switch8), (28 bytes).
    Removing depilogue.o(i.__ARM_clz), (46 bytes).

330 unused section(s) (total 36200 bytes) removed from the image.

==============================================================================

Image Symbol Table

    Local Symbols

    Symbol Name                              Value     Ov Type        Size  Object(Section)

    ../clib/microlib/division.c              0x00000000   Number         0  uldiv.o ABSOLUTE
    ../clib/microlib/division.c              0x00000000   Number         0  idiv.o ABSOLUTE
    ../clib/microlib/division.c              0x00000000   Number         0  uidiv.o ABSOLUTE
    ../clib/microlib/init/entry.s            0x00000000   Number         0  entry10b.o ABSOLUTE
    ../clib/microlib/init/entry.s            0x00000000   Number         0  entry8a.o ABSOLUTE
    ../clib/microlib/init/entry.s            0x00000000   Number         0  entry5.o ABSOLUTE
    ../clib/microlib/init/entry.s            0x00000000   Number         0  entry2.o ABSOLUTE
    ../clib/microlib/init/entry.s            0x00000000   Number         0  entry8b.o ABSOLUTE
    ../clib/microlib/init/entry.s            0x00000000   Number         0  entry11b.o ABSOLUTE
    ../clib/microlib/init/entry.s            0x00000000   Number         0  entry9a.o ABSOLUTE
    ../clib/microlib/init/entry.s            0x00000000   Number         0  entry9b.o ABSOLUTE
    ../clib/microlib/init/entry.s            0x00000000   Number         0  entry11a.o ABSOLUTE
    ../clib/microlib/init/entry.s            0x00000000   Number         0  entry10a.o ABSOLUTE
    ../clib/microlib/init/entry.s            0x00000000   Number         0  entry7a.o ABSOLUTE
    ../clib/microlib/init/entry.s            0x00000000   Number         0  entry7b.o ABSOLUTE
    ../clib/microlib/init/entry.s            0x00000000   Number         0  entry.o ABSOLUTE
    ../clib/microlib/longlong.c              0x00000000   Number         0  llshl.o ABSOLUTE
    ../clib/microlib/longlong.c              0x00000000   Number         0  llushr.o ABSOLUTE
    ../clib/microlib/longlong.c              0x00000000   Number         0  llsshr.o ABSOLUTE
    ../clib/microlib/printf/printf.c         0x00000000   Number         0  printf2.o ABSOLUTE
    ../clib/microlib/printf/printf.c         0x00000000   Number         0  printf1.o ABSOLUTE
    ../clib/microlib/printf/printf.c         0x00000000   Number         0  printfa.o ABSOLUTE
    ../clib/microlib/printf/printf.c         0x00000000   Number         0  printf6.o ABSOLUTE
    ../clib/microlib/printf/printf.c         0x00000000   Number         0  printf8.o ABSOLUTE
    ../clib/microlib/printf/printf.c         0x00000000   Number         0  printf7.o ABSOLUTE
    ../clib/microlib/printf/printf.c         0x00000000   Number         0  printf0.o ABSOLUTE
    ../clib/microlib/printf/printf.c         0x00000000   Number         0  printf5.o ABSOLUTE
    ../clib/microlib/printf/printf.c         0x00000000   Number         0  printf4.o ABSOLUTE
    ../clib/microlib/printf/printf.c         0x00000000   Number         0  printf3.o ABSOLUTE
    ../clib/microlib/printf/printf.c         0x00000000   Number         0  printfb.o ABSOLUTE
    ../clib/microlib/printf/stubs.s          0x00000000   Number         0  stubs.o ABSOLUTE
    ../clib/microlib/stdio/fputc.c           0x00000000   Number         0  fputc.o ABSOLUTE
    ../clib/microlib/stdio/semi.s            0x00000000   Number         0  semi.o ABSOLUTE
    ../clib/microlib/stdio/streams.c         0x00000000   Number         0  stdout.o ABSOLUTE
    ../clib/microlib/string/memcpy.c         0x00000000   Number         0  memcpya.o ABSOLUTE
    ../clib/microlib/string/memcpy.c         0x00000000   Number         0  memcpyb.o ABSOLUTE
    ../clib/microlib/string/memset.c         0x00000000   Number         0  memseta.o ABSOLUTE
    ../clib/microlib/stubs.s                 0x00000000   Number         0  iusefp.o ABSOLUTE
    ../clib/microlib/stubs.s                 0x00000000   Number         0  iusesemip.o ABSOLUTE
    ../fplib/microlib/fpadd.c                0x00000000   Number         0  dadd.o ABSOLUTE
    ../fplib/microlib/fpdiv.c                0x00000000   Number         0  ddiv.o ABSOLUTE
    ../fplib/microlib/fpepilogue.c           0x00000000   Number         0  depilogue.o ABSOLUTE
    ../fplib/microlib/fpfix.c                0x00000000   Number         0  dfixul.o ABSOLUTE
    ../fplib/microlib/fpmul.c                0x00000000   Number         0  dmul.o ABSOLUTE
    ..\PY32F0xx_HAL_Driver\Src\py32f0xx_hal.c 0x00000000   Number         0  py32f0xx_hal.o ABSOLUTE
    ..\PY32F0xx_HAL_Driver\Src\py32f0xx_hal_cortex.c 0x00000000   Number         0  py32f0xx_hal_cortex.o ABSOLUTE
    ..\PY32F0xx_HAL_Driver\Src\py32f0xx_hal_dma.c 0x00000000   Number         0  py32f0xx_hal_dma.o ABSOLUTE
    ..\PY32F0xx_HAL_Driver\Src\py32f0xx_hal_gpio.c 0x00000000   Number         0  py32f0xx_hal_gpio.o ABSOLUTE
    ..\PY32F0xx_HAL_Driver\Src\py32f0xx_hal_i2c.c 0x00000000   Number         0  py32f0xx_hal_i2c.o ABSOLUTE
    ..\PY32F0xx_HAL_Driver\Src\py32f0xx_hal_pwr.c 0x00000000   Number         0  py32f0xx_hal_pwr.o ABSOLUTE
    ..\PY32F0xx_HAL_Driver\Src\py32f0xx_hal_rcc.c 0x00000000   Number         0  py32f0xx_hal_rcc.o ABSOLUTE
    ..\PY32F0xx_HAL_Driver\Src\py32f0xx_hal_rcc_ex.c 0x00000000   Number         0  py32f0xx_hal_rcc_ex.o ABSOLUTE
    ..\PY32F0xx_HAL_Driver\Src\py32f0xx_hal_tim.c 0x00000000   Number         0  py32f0xx_hal_tim.o ABSOLUTE
    ..\PY32F0xx_HAL_Driver\Src\py32f0xx_hal_tim_ex.c 0x00000000   Number         0  py32f0xx_hal_tim_ex.o ABSOLUTE
    ..\Src\alarm.c                           0x00000000   Number         0  alarm.o ABSOLUTE
    ..\Src\beep.c                            0x00000000   Number         0  beep.o ABSOLUTE
    ..\Src\main.c                            0x00000000   Number         0  main.o ABSOLUTE
    ..\Src\oled.c                            0x00000000   Number         0  oled.o ABSOLUTE
    ..\Src\oled_gui.c                        0x00000000   Number         0  oled_gui.o ABSOLUTE
    ..\Src\py32f0xx_hal_msp.c                0x00000000   Number         0  py32f0xx_hal_msp.o ABSOLUTE
    ..\Src\py32f0xx_it.c                     0x00000000   Number         0  py32f0xx_it.o ABSOLUTE
    ..\Src\single_key_detect.c               0x00000000   Number         0  single_key_detect.o ABSOLUTE
    ..\Src\system_py32f0xx.c                 0x00000000   Number         0  system_py32f0xx.o ABSOLUTE
    ..\Src\temp_sensor.c                     0x00000000   Number         0  temp_sensor.o ABSOLUTE
    ..\Src\timebase.c                        0x00000000   Number         0  timebase.o ABSOLUTE
    ..\\PY32F0xx_HAL_Driver\\Src\\py32f0xx_hal.c 0x00000000   Number         0  py32f0xx_hal.o ABSOLUTE
    ..\\PY32F0xx_HAL_Driver\\Src\\py32f0xx_hal_cortex.c 0x00000000   Number         0  py32f0xx_hal_cortex.o ABSOLUTE
    ..\\PY32F0xx_HAL_Driver\\Src\\py32f0xx_hal_dma.c 0x00000000   Number         0  py32f0xx_hal_dma.o ABSOLUTE
    ..\\PY32F0xx_HAL_Driver\\Src\\py32f0xx_hal_gpio.c 0x00000000   Number         0  py32f0xx_hal_gpio.o ABSOLUTE
    ..\\PY32F0xx_HAL_Driver\\Src\\py32f0xx_hal_i2c.c 0x00000000   Number         0  py32f0xx_hal_i2c.o ABSOLUTE
    ..\\PY32F0xx_HAL_Driver\\Src\\py32f0xx_hal_pwr.c 0x00000000   Number         0  py32f0xx_hal_pwr.o ABSOLUTE
    ..\\PY32F0xx_HAL_Driver\\Src\\py32f0xx_hal_rcc.c 0x00000000   Number         0  py32f0xx_hal_rcc.o ABSOLUTE
    ..\\PY32F0xx_HAL_Driver\\Src\\py32f0xx_hal_rcc_ex.c 0x00000000   Number         0  py32f0xx_hal_rcc_ex.o ABSOLUTE
    ..\\PY32F0xx_HAL_Driver\\Src\\py32f0xx_hal_tim.c 0x00000000   Number         0  py32f0xx_hal_tim.o ABSOLUTE
    ..\\PY32F0xx_HAL_Driver\\Src\\py32f0xx_hal_tim_ex.c 0x00000000   Number         0  py32f0xx_hal_tim_ex.o ABSOLUTE
    ..\\Src\\alarm.c                         0x00000000   Number         0  alarm.o ABSOLUTE
    ..\\Src\\beep.c                          0x00000000   Number         0  beep.o ABSOLUTE
    ..\\Src\\main.c                          0x00000000   Number         0  main.o ABSOLUTE
    ..\\Src\\oled.c                          0x00000000   Number         0  oled.o ABSOLUTE
    ..\\Src\\oled_gui.c                      0x00000000   Number         0  oled_gui.o ABSOLUTE
    ..\\Src\\py32f0xx_hal_msp.c              0x00000000   Number         0  py32f0xx_hal_msp.o ABSOLUTE
    ..\\Src\\py32f0xx_it.c                   0x00000000   Number         0  py32f0xx_it.o ABSOLUTE
    ..\\Src\\single_key_detect.c             0x00000000   Number         0  single_key_detect.o ABSOLUTE
    ..\\Src\\system_py32f0xx.c               0x00000000   Number         0  system_py32f0xx.o ABSOLUTE
    ..\\Src\\temp_sensor.c                   0x00000000   Number         0  temp_sensor.o ABSOLUTE
    ..\\Src\\timebase.c                      0x00000000   Number         0  timebase.o ABSOLUTE
    cdrcmple.s                               0x00000000   Number         0  cdrcmple.o ABSOLUTE
    dc.s                                     0x00000000   Number         0  dc.o ABSOLUTE
    handlers.s                               0x00000000   Number         0  handlers.o ABSOLUTE
    init.s                                   0x00000000   Number         0  init.o ABSOLUTE
    startup_py32f003xx.s                     0x00000000   Number         0  startup_py32f003xx.o ABSOLUTE
    RESET                                    0x08000000   Section      192  startup_py32f003xx.o(RESET)
    .ARM.Collect$$$$00000000                 0x080000c0   Section        0  entry.o(.ARM.Collect$$$$00000000)
    .ARM.Collect$$$$00000001                 0x080000c0   Section        4  entry2.o(.ARM.Collect$$$$00000001)
    .ARM.Collect$$$$00000004                 0x080000c4   Section        4  entry5.o(.ARM.Collect$$$$00000004)
    .ARM.Collect$$$$00000008                 0x080000c8   Section        0  entry7b.o(.ARM.Collect$$$$00000008)
    .ARM.Collect$$$$0000000A                 0x080000c8   Section        0  entry8b.o(.ARM.Collect$$$$0000000A)
    .ARM.Collect$$$$0000000B                 0x080000c8   Section        8  entry9a.o(.ARM.Collect$$$$0000000B)
    .ARM.Collect$$$$0000000D                 0x080000d0   Section        0  entry10a.o(.ARM.Collect$$$$0000000D)
    .ARM.Collect$$$$0000000F                 0x080000d0   Section        0  entry11a.o(.ARM.Collect$$$$0000000F)
    .ARM.Collect$$$$00002712                 0x080000d0   Section        4  entry2.o(.ARM.Collect$$$$00002712)
    __lit__00000000                          0x080000d0   Data           4  entry2.o(.ARM.Collect$$$$00002712)
    .text                                    0x080000d4   Section       28  startup_py32f003xx.o(.text)
    .text                                    0x080000f0   Section        0  uidiv.o(.text)
    .text                                    0x0800011c   Section        0  idiv.o(.text)
    .text                                    0x08000144   Section        0  memcpya.o(.text)
    .text                                    0x08000168   Section        0  memseta.o(.text)
    .text                                    0x0800018c   Section       36  init.o(.text)
    i.$Sub$$main                             0x080001b0   Section        0  system_py32f0xx.o(i.$Sub$$main)
    i.APP_SystemClockConfig                  0x080001e4   Section        0  main.o(i.APP_SystemClockConfig)
    APP_SystemClockConfig                    0x080001e5   Thumb Code   110  main.o(i.APP_SystemClockConfig)
    i.Error_Handler                          0x08000258   Section        0  main.o(i.Error_Handler)
    i.GUI_ShowCHinese                        0x0800025c   Section        0  oled_gui.o(i.GUI_ShowCHinese)
    i.GUI_ShowChar                           0x080002d8   Section        0  oled_gui.o(i.GUI_ShowChar)
    i.GUI_ShowFont16                         0x0800039c   Section        0  oled_gui.o(i.GUI_ShowFont16)
    i.GUI_ShowFont24                         0x08000400   Section        0  oled_gui.o(i.GUI_ShowFont24)
    i.GUI_ShowFont32                         0x08000468   Section        0  oled_gui.o(i.GUI_ShowFont32)
    i.GUI_ShowString                         0x080004cc   Section        0  oled_gui.o(i.GUI_ShowString)
    i.HAL_Delay                              0x08000540   Section        0  py32f0xx_hal.o(i.HAL_Delay)
    i.HAL_GPIO_Init                          0x0800056c   Section        0  py32f0xx_hal_gpio.o(i.HAL_GPIO_Init)
    i.HAL_GPIO_ReadPin                       0x08000720   Section        0  py32f0xx_hal_gpio.o(i.HAL_GPIO_ReadPin)
    i.HAL_GPIO_WritePin                      0x08000732   Section        0  py32f0xx_hal_gpio.o(i.HAL_GPIO_WritePin)
    i.HAL_GetTick                            0x08000740   Section        0  py32f0xx_hal.o(i.HAL_GetTick)
    i.HAL_I2C_GetState                       0x0800074c   Section        0  py32f0xx_hal_i2c.o(i.HAL_I2C_GetState)
    i.HAL_I2C_Init                           0x08000754   Section        0  py32f0xx_hal_i2c.o(i.HAL_I2C_Init)
    i.HAL_I2C_Master_Receive                 0x08000908   Section        0  py32f0xx_hal_i2c.o(i.HAL_I2C_Master_Receive)
    i.HAL_I2C_Master_Transmit                0x08000c30   Section        0  py32f0xx_hal_i2c.o(i.HAL_I2C_Master_Transmit)
    i.HAL_I2C_MspInit                        0x08000db0   Section        0  py32f0xx_hal_msp.o(i.HAL_I2C_MspInit)
    i.HAL_IncTick                            0x08000e3c   Section        0  py32f0xx_hal.o(i.HAL_IncTick)
    i.HAL_Init                               0x08000e54   Section        0  py32f0xx_hal.o(i.HAL_Init)
    i.HAL_InitTick                           0x08000e70   Section        0  py32f0xx_hal.o(i.HAL_InitTick)
    i.HAL_MspInit                            0x08000ed0   Section        0  py32f0xx_hal_msp.o(i.HAL_MspInit)
    i.HAL_NVIC_EnableIRQ                     0x08000f14   Section        0  py32f0xx_hal_cortex.o(i.HAL_NVIC_EnableIRQ)
    i.HAL_NVIC_SetPriority                   0x08000f30   Section        0  py32f0xx_hal_cortex.o(i.HAL_NVIC_SetPriority)
    i.HAL_RCC_ClockConfig                    0x08000f44   Section        0  py32f0xx_hal_rcc.o(i.HAL_RCC_ClockConfig)
    i.HAL_RCC_GetHCLKFreq                    0x080010e8   Section        0  py32f0xx_hal_rcc.o(i.HAL_RCC_GetHCLKFreq)
    i.HAL_RCC_GetPCLK1Freq                   0x080010f4   Section        0  py32f0xx_hal_rcc.o(i.HAL_RCC_GetPCLK1Freq)
    i.HAL_RCC_GetSysClockFreq                0x0800111c   Section        0  py32f0xx_hal_rcc.o(i.HAL_RCC_GetSysClockFreq)
    i.HAL_RCC_OscConfig                      0x0800119c   Section        0  py32f0xx_hal_rcc.o(i.HAL_RCC_OscConfig)
    i.HAL_SYSTICK_Config                     0x0800148c   Section        0  py32f0xx_hal_cortex.o(i.HAL_SYSTICK_Config)
    i.HAL_TIMEx_BreakCallback                0x080014c4   Section        0  py32f0xx_hal_tim_ex.o(i.HAL_TIMEx_BreakCallback)
    i.HAL_TIMEx_CommutCallback               0x080014c6   Section        0  py32f0xx_hal_tim_ex.o(i.HAL_TIMEx_CommutCallback)
    i.HAL_TIM_Base_Init                      0x080014c8   Section        0  py32f0xx_hal_tim.o(i.HAL_TIM_Base_Init)
    i.HAL_TIM_Base_MspInit                   0x08001500   Section        0  py32f0xx_hal_msp.o(i.HAL_TIM_Base_MspInit)
    i.HAL_TIM_Base_Start_IT                  0x080015b0   Section        0  py32f0xx_hal_tim.o(i.HAL_TIM_Base_Start_IT)
    i.HAL_TIM_IC_CaptureCallback             0x080015da   Section        0  py32f0xx_hal_tim.o(i.HAL_TIM_IC_CaptureCallback)
    i.HAL_TIM_IRQHandler                     0x080015dc   Section        0  py32f0xx_hal_tim.o(i.HAL_TIM_IRQHandler)
    i.HAL_TIM_OC_ConfigChannel               0x080017a4   Section        0  py32f0xx_hal_tim.o(i.HAL_TIM_OC_ConfigChannel)
    i.HAL_TIM_OC_DelayElapsedCallback        0x0800181a   Section        0  py32f0xx_hal_tim.o(i.HAL_TIM_OC_DelayElapsedCallback)
    i.HAL_TIM_OC_Start                       0x0800181c   Section        0  py32f0xx_hal_tim.o(i.HAL_TIM_OC_Start)
    i.HAL_TIM_OC_Stop                        0x08001884   Section        0  py32f0xx_hal_tim.o(i.HAL_TIM_OC_Stop)
    i.HAL_TIM_PWM_PulseFinishedCallback      0x0800191c   Section        0  py32f0xx_hal_tim.o(i.HAL_TIM_PWM_PulseFinishedCallback)
    i.HAL_TIM_PeriodElapsedCallback          0x08001920   Section        0  main.o(i.HAL_TIM_PeriodElapsedCallback)
    i.HAL_TIM_TriggerCallback                0x08001938   Section        0  py32f0xx_hal_tim.o(i.HAL_TIM_TriggerCallback)
    i.HardFault_Handler                      0x0800193a   Section        0  py32f0xx_it.o(i.HardFault_Handler)
    i.I2C_IsAcknowledgeFailed                0x0800193e   Section        0  py32f0xx_hal_i2c.o(i.I2C_IsAcknowledgeFailed)
    I2C_IsAcknowledgeFailed                  0x0800193f   Thumb Code    66  py32f0xx_hal_i2c.o(i.I2C_IsAcknowledgeFailed)
    i.I2C_MasterRequestRead                  0x08001980   Section        0  py32f0xx_hal_i2c.o(i.I2C_MasterRequestRead)
    I2C_MasterRequestRead                    0x08001981   Thumb Code   136  py32f0xx_hal_i2c.o(i.I2C_MasterRequestRead)
    i.I2C_MasterRequestWrite                 0x08001a10   Section        0  py32f0xx_hal_i2c.o(i.I2C_MasterRequestWrite)
    I2C_MasterRequestWrite                   0x08001a11   Thumb Code   120  py32f0xx_hal_i2c.o(i.I2C_MasterRequestWrite)
    i.I2C_WaitOnBTFFlagUntilTimeout          0x08001a90   Section        0  py32f0xx_hal_i2c.o(i.I2C_WaitOnBTFFlagUntilTimeout)
    I2C_WaitOnBTFFlagUntilTimeout            0x08001a91   Thumb Code   100  py32f0xx_hal_i2c.o(i.I2C_WaitOnBTFFlagUntilTimeout)
    i.I2C_WaitOnFlagUntilTimeout             0x08001af4   Section        0  py32f0xx_hal_i2c.o(i.I2C_WaitOnFlagUntilTimeout)
    I2C_WaitOnFlagUntilTimeout               0x08001af5   Thumb Code   130  py32f0xx_hal_i2c.o(i.I2C_WaitOnFlagUntilTimeout)
    i.I2C_WaitOnMasterAddressFlagUntilTimeout 0x08001b78   Section        0  py32f0xx_hal_i2c.o(i.I2C_WaitOnMasterAddressFlagUntilTimeout)
    I2C_WaitOnMasterAddressFlagUntilTimeout  0x08001b79   Thumb Code   200  py32f0xx_hal_i2c.o(i.I2C_WaitOnMasterAddressFlagUntilTimeout)
    i.I2C_WaitOnRXNEFlagUntilTimeout         0x08001c44   Section        0  py32f0xx_hal_i2c.o(i.I2C_WaitOnRXNEFlagUntilTimeout)
    I2C_WaitOnRXNEFlagUntilTimeout           0x08001c45   Thumb Code   132  py32f0xx_hal_i2c.o(i.I2C_WaitOnRXNEFlagUntilTimeout)
    i.I2C_WaitOnTXEFlagUntilTimeout          0x08001cc8   Section        0  py32f0xx_hal_i2c.o(i.I2C_WaitOnTXEFlagUntilTimeout)
    I2C_WaitOnTXEFlagUntilTimeout            0x08001cc9   Thumb Code   100  py32f0xx_hal_i2c.o(i.I2C_WaitOnTXEFlagUntilTimeout)
    i.NMI_Handler                            0x08001d2c   Section        0  py32f0xx_it.o(i.NMI_Handler)
    i.OLED_Clear                             0x08001d2e   Section        0  oled.o(i.OLED_Clear)
    i.OLED_Display_Off                       0x08001d78   Section        0  oled.o(i.OLED_Display_Off)
    i.OLED_Display_On                        0x08001d94   Section        0  oled.o(i.OLED_Display_On)
    i.OLED_Init                              0x08001db0   Section        0  oled.o(i.OLED_Init)
    i.OLED_Reset                             0x08001ea0   Section        0  oled.o(i.OLED_Reset)
    i.OLED_Set_Pos                           0x08001ed4   Section        0  oled.o(i.OLED_Set_Pos)
    i.OLED_WR_Byte                           0x08001f04   Section        0  oled.o(i.OLED_WR_Byte)
    i.PendSV_Handler                         0x08001f88   Section        0  py32f0xx_it.o(i.PendSV_Handler)
    i.SVC_Handler                            0x08001f8a   Section        0  py32f0xx_it.o(i.SVC_Handler)
    i.SysTick_Handler                        0x08001f8c   Section        0  py32f0xx_it.o(i.SysTick_Handler)
    i.SystemInit                             0x08001f94   Section        0  system_py32f0xx.o(i.SystemInit)
    i.TIM1_BRK_UP_TRG_COM_IRQHandler         0x08001fc0   Section        0  py32f0xx_it.o(i.TIM1_BRK_UP_TRG_COM_IRQHandler)
    i.TIM3_IRQHandler                        0x08001fd0   Section        0  py32f0xx_it.o(i.TIM3_IRQHandler)
    i.TIM_Base_SetConfig                     0x08001fe0   Section        0  py32f0xx_hal_tim.o(i.TIM_Base_SetConfig)
    i.TIM_CCxChannelCmd                      0x08002070   Section        0  py32f0xx_hal_tim.o(i.TIM_CCxChannelCmd)
    i.TIM_OC1_SetConfig                      0x08002094   Section        0  py32f0xx_hal_tim.o(i.TIM_OC1_SetConfig)
    TIM_OC1_SetConfig                        0x08002095   Thumb Code   144  py32f0xx_hal_tim.o(i.TIM_OC1_SetConfig)
    i.TIM_OC2_SetConfig                      0x08002130   Section        0  py32f0xx_hal_tim.o(i.TIM_OC2_SetConfig)
    i.TIM_OC3_SetConfig                      0x080021e0   Section        0  py32f0xx_hal_tim.o(i.TIM_OC3_SetConfig)
    TIM_OC3_SetConfig                        0x080021e1   Thumb Code   158  py32f0xx_hal_tim.o(i.TIM_OC3_SetConfig)
    i.TIM_OC4_SetConfig                      0x0800228c   Section        0  py32f0xx_hal_tim.o(i.TIM_OC4_SetConfig)
    TIM_OC4_SetConfig                        0x0800228d   Thumb Code   106  py32f0xx_hal_tim.o(i.TIM_OC4_SetConfig)
    i.__0sprintf$6                           0x08002304   Section        0  printf6.o(i.__0sprintf$6)
    i.__NVIC_SetPriority                     0x0800232c   Section        0  py32f0xx_hal_cortex.o(i.__NVIC_SetPriority)
    __NVIC_SetPriority                       0x0800232d   Thumb Code   110  py32f0xx_hal_cortex.o(i.__NVIC_SetPriority)
    i.__scatterload_copy                     0x080023a4   Section       14  handlers.o(i.__scatterload_copy)
    i.__scatterload_null                     0x080023b2   Section        2  handlers.o(i.__scatterload_null)
    i.__scatterload_zeroinit                 0x080023b4   Section       14  handlers.o(i.__scatterload_zeroinit)
    i._printf_core                           0x080023c4   Section        0  printf6.o(i._printf_core)
    _printf_core                             0x080023c5   Thumb Code   768  printf6.o(i._printf_core)
    i._printf_post_padding                   0x080026c8   Section        0  printf6.o(i._printf_post_padding)
    _printf_post_padding                     0x080026c9   Thumb Code    32  printf6.o(i._printf_post_padding)
    i._printf_pre_padding                    0x080026e8   Section        0  printf6.o(i._printf_pre_padding)
    _printf_pre_padding                      0x080026e9   Thumb Code    44  printf6.o(i._printf_pre_padding)
    i._sputc                                 0x08002714   Section        0  printf6.o(i._sputc)
    _sputc                                   0x08002715   Thumb Code    10  printf6.o(i._sputc)
    i.beep_start                             0x08002720   Section        0  beep.o(i.beep_start)
    i.beep_stop                              0x0800273c   Section        0  beep.o(i.beep_stop)
    i.change_num                             0x08002758   Section        0  alarm.o(i.change_num)
    change_num                               0x08002759   Thumb Code   244  alarm.o(i.change_num)
    i.do_single_key_detect                   0x08002854   Section        0  single_key_detect.o(i.do_single_key_detect)
    i.get_temp                               0x08002904   Section        0  temp_sensor.o(i.get_temp)
    i.init_beep                              0x08002988   Section        0  beep.o(i.init_beep)
    i.init_single_key                        0x080029f4   Section        0  single_key_detect.o(i.init_single_key)
    i.init_sys                               0x08002a44   Section        0  alarm.o(i.init_sys)
    i.init_temp_sensor                       0x08002bc4   Section        0  temp_sensor.o(i.init_temp_sensor)
    i.init_timebase                          0x08002c00   Section        0  timebase.o(i.init_timebase)
    i.main                                   0x08002c4c   Section        0  main.o(i.main)
    i.show_alarm_gui                         0x08002c94   Section        0  alarm.o(i.show_alarm_gui)
    i.single_key_callback                    0x080030b8   Section        0  alarm.o(i.single_key_callback)
    single_key_callback                      0x080030b9   Thumb Code   184  alarm.o(i.single_key_callback)
    i.upd_running_mode                       0x08003184   Section        0  alarm.o(i.upd_running_mode)
    upd_running_mode                         0x08003185   Thumb Code   154  alarm.o(i.upd_running_mode)
    .constdata                               0x08003230   Section      128  system_py32f0xx.o(.constdata)
    .constdata                               0x080032b0   Section       52  alarm.o(.constdata)
    .constdata                               0x080032e4   Section     2770  oled_gui.o(.constdata)
    .constdata                               0x08003db8   Section       20  py32f0xx_hal_rcc.o(.constdata)
    .ARM.__at_0x20000000                     0x20000000   Section      192  system_py32f0xx.o(.ARM.__at_0x20000000)
    .data                                    0x200000c0   Section        4  system_py32f0xx.o(.data)
    .data                                    0x200000c4   Section        1  main.o(.data)
    timebase_elapsed                         0x200000c4   Data           1  main.o(.data)
    .data                                    0x200000c5   Section       13  alarm.o(.data)
    now_mode                                 0x200000c5   Data           1  alarm.o(.data)
    sec_cnt                                  0x200000c6   Data           1  alarm.o(.data)
    now_time                                 0x200000c7   Data           3  alarm.o(.data)
    time_for_set                             0x200000ca   Data           3  alarm.o(.data)
    alarm_time                               0x200000cd   Data           3  alarm.o(.data)
    set_pos                                  0x200000d0   Data           1  alarm.o(.data)
    alarm_beep_flag                          0x200000d1   Data           1  alarm.o(.data)
    .data                                    0x200000d2   Section        2  temp_sensor.o(.data)
    temp_i2c_rx_buf                          0x200000d2   Data           2  temp_sensor.o(.data)
    .data                                    0x200000d4   Section       12  py32f0xx_hal.o(.data)
    .bss                                     0x200000e0   Section       84  main.o(.bss)
    .bss                                     0x20000134   Section       64  timebase.o(.bss)
    .bss                                     0x20000174   Section       72  temp_sensor.o(.bss)
    I2cHandle                                0x20000174   Data          72  temp_sensor.o(.bss)
    .bss                                     0x200001bc   Section       64  beep.o(.bss)
    STACK                                    0x20000200   Section     1024  startup_py32f003xx.o(STACK)

    Global Symbols

    Symbol Name                              Value     Ov Type        Size  Object(Section)

    BuildAttributes$$THM_ISAv3M$S$PE$A:L22$X:L11$S22$IEEE1$IW$USESV6$~STKCKD$USESV7$~SHL$OSPACE$ROPI$EBA8$MICROLIB$REQ8$PRES8$EABIv2 0x00000000   Number         0  anon$$obj.o ABSOLUTE
    __ARM_use_no_argv                        0x00000000   Number         0  main.o ABSOLUTE
    _printf_a                                0x00000000   Number         0  stubs.o ABSOLUTE
    _printf_c                                0x00000000   Number         0  stubs.o ABSOLUTE
    _printf_charcount                        0x00000000   Number         0  stubs.o ABSOLUTE
    _printf_d                                0x00000000   Number         0  stubs.o ABSOLUTE
    _printf_e                                0x00000000   Number         0  stubs.o ABSOLUTE
    _printf_f                                0x00000000   Number         0  stubs.o ABSOLUTE
    _printf_flags                            0x00000000   Number         0  stubs.o ABSOLUTE
    _printf_fp_dec                           0x00000000   Number         0  stubs.o ABSOLUTE
    _printf_fp_hex                           0x00000000   Number         0  stubs.o ABSOLUTE
    _printf_g                                0x00000000   Number         0  stubs.o ABSOLUTE
    _printf_i                                0x00000000   Number         0  stubs.o ABSOLUTE
    _printf_int_dec                          0x00000000   Number         0  stubs.o ABSOLUTE
    _printf_l                                0x00000000   Number         0  stubs.o ABSOLUTE
    _printf_lc                               0x00000000   Number         0  stubs.o ABSOLUTE
    _printf_ll                               0x00000000   Number         0  stubs.o ABSOLUTE
    _printf_lld                              0x00000000   Number         0  stubs.o ABSOLUTE
    _printf_lli                              0x00000000   Number         0  stubs.o ABSOLUTE
    _printf_llo                              0x00000000   Number         0  stubs.o ABSOLUTE
    _printf_llu                              0x00000000   Number         0  stubs.o ABSOLUTE
    _printf_llx                              0x00000000   Number         0  stubs.o ABSOLUTE
    _printf_longlong_dec                     0x00000000   Number         0  stubs.o ABSOLUTE
    _printf_longlong_hex                     0x00000000   Number         0  stubs.o ABSOLUTE
    _printf_longlong_oct                     0x00000000   Number         0  stubs.o ABSOLUTE
    _printf_ls                               0x00000000   Number         0  stubs.o ABSOLUTE
    _printf_mbtowc                           0x00000000   Number         0  stubs.o ABSOLUTE
    _printf_n                                0x00000000   Number         0  stubs.o ABSOLUTE
    _printf_o                                0x00000000   Number         0  stubs.o ABSOLUTE
    _printf_p                                0x00000000   Number         0  stubs.o ABSOLUTE
    _printf_percent                          0x00000000   Number         0  stubs.o ABSOLUTE
    _printf_pre_padding                      0x00000000   Number         0  stubs.o ABSOLUTE
    _printf_return_value                     0x00000000   Number         0  stubs.o ABSOLUTE
    _printf_s                                0x00000000   Number         0  stubs.o ABSOLUTE
    _printf_sizespec                         0x00000000   Number         0  stubs.o ABSOLUTE
    _printf_str                              0x00000000   Number         0  stubs.o ABSOLUTE
    _printf_truncate_signed                  0x00000000   Number         0  stubs.o ABSOLUTE
    _printf_truncate_unsigned                0x00000000   Number         0  stubs.o ABSOLUTE
    _printf_u                                0x00000000   Number         0  stubs.o ABSOLUTE
    _printf_wc                               0x00000000   Number         0  stubs.o ABSOLUTE
    _printf_wctomb                           0x00000000   Number         0  stubs.o ABSOLUTE
    _printf_widthprec                        0x00000000   Number         0  stubs.o ABSOLUTE
    _printf_x                                0x00000000   Number         0  stubs.o ABSOLUTE
    __cpp_initialize__aeabi_                  - Undefined Weak Reference
    __cxa_finalize                            - Undefined Weak Reference
    __decompress                              - Undefined Weak Reference
    _clock_init                               - Undefined Weak Reference
    _microlib_exit                            - Undefined Weak Reference
    __Vectors_Size                           0x000000c0   Number         0  startup_py32f003xx.o ABSOLUTE
    __Vectors                                0x08000000   Data           4  startup_py32f003xx.o(RESET)
    __Vectors_End                            0x080000c0   Data           0  startup_py32f003xx.o(RESET)
    __main                                   0x080000c1   Thumb Code     0  entry.o(.ARM.Collect$$$$00000000)
    _main_stk                                0x080000c1   Thumb Code     0  entry2.o(.ARM.Collect$$$$00000001)
    _main_scatterload                        0x080000c5   Thumb Code     0  entry5.o(.ARM.Collect$$$$00000004)
    __main_after_scatterload                 0x080000c9   Thumb Code     0  entry5.o(.ARM.Collect$$$$00000004)
    _main_clock                              0x080000c9   Thumb Code     0  entry7b.o(.ARM.Collect$$$$00000008)
    _main_cpp_init                           0x080000c9   Thumb Code     0  entry8b.o(.ARM.Collect$$$$0000000A)
    _main_init                               0x080000c9   Thumb Code     0  entry9a.o(.ARM.Collect$$$$0000000B)
    __rt_final_cpp                           0x080000d1   Thumb Code     0  entry10a.o(.ARM.Collect$$$$0000000D)
    __rt_final_exit                          0x080000d1   Thumb Code     0  entry11a.o(.ARM.Collect$$$$0000000F)
    Reset_Handler                            0x080000d5   Thumb Code     8  startup_py32f003xx.o(.text)
    ADC_COMP_IRQHandler                      0x080000e7   Thumb Code     0  startup_py32f003xx.o(.text)
    DMA1_Channel1_IRQHandler                 0x080000e7   Thumb Code     0  startup_py32f003xx.o(.text)
    DMA1_Channel2_3_IRQHandler               0x080000e7   Thumb Code     0  startup_py32f003xx.o(.text)
    EXTI0_1_IRQHandler                       0x080000e7   Thumb Code     0  startup_py32f003xx.o(.text)
    EXTI2_3_IRQHandler                       0x080000e7   Thumb Code     0  startup_py32f003xx.o(.text)
    EXTI4_15_IRQHandler                      0x080000e7   Thumb Code     0  startup_py32f003xx.o(.text)
    FLASH_IRQHandler                         0x080000e7   Thumb Code     0  startup_py32f003xx.o(.text)
    I2C1_IRQHandler                          0x080000e7   Thumb Code     0  startup_py32f003xx.o(.text)
    LPTIM1_IRQHandler                        0x080000e7   Thumb Code     0  startup_py32f003xx.o(.text)
    PVD_IRQHandler                           0x080000e7   Thumb Code     0  startup_py32f003xx.o(.text)
    RCC_IRQHandler                           0x080000e7   Thumb Code     0  startup_py32f003xx.o(.text)
    RTC_IRQHandler                           0x080000e7   Thumb Code     0  startup_py32f003xx.o(.text)
    SPI1_IRQHandler                          0x080000e7   Thumb Code     0  startup_py32f003xx.o(.text)
    TIM14_IRQHandler                         0x080000e7   Thumb Code     0  startup_py32f003xx.o(.text)
    TIM16_IRQHandler                         0x080000e7   Thumb Code     0  startup_py32f003xx.o(.text)
    TIM17_IRQHandler                         0x080000e7   Thumb Code     0  startup_py32f003xx.o(.text)
    TIM1_CC_IRQHandler                       0x080000e7   Thumb Code     0  startup_py32f003xx.o(.text)
    USART1_IRQHandler                        0x080000e7   Thumb Code     0  startup_py32f003xx.o(.text)
    USART2_IRQHandler                        0x080000e7   Thumb Code     0  startup_py32f003xx.o(.text)
    WWDG_IRQHandler                          0x080000e7   Thumb Code     0  startup_py32f003xx.o(.text)
    __aeabi_uidiv                            0x080000f1   Thumb Code     0  uidiv.o(.text)
    __aeabi_uidivmod                         0x080000f1   Thumb Code    44  uidiv.o(.text)
    __aeabi_idiv                             0x0800011d   Thumb Code     0  idiv.o(.text)
    __aeabi_idivmod                          0x0800011d   Thumb Code    40  idiv.o(.text)
    __aeabi_memcpy                           0x08000145   Thumb Code    36  memcpya.o(.text)
    __aeabi_memcpy4                          0x08000145   Thumb Code     0  memcpya.o(.text)
    __aeabi_memcpy8                          0x08000145   Thumb Code     0  memcpya.o(.text)
    __aeabi_memset                           0x08000169   Thumb Code    14  memseta.o(.text)
    __aeabi_memset4                          0x08000169   Thumb Code     0  memseta.o(.text)
    __aeabi_memset8                          0x08000169   Thumb Code     0  memseta.o(.text)
    __aeabi_memclr                           0x08000177   Thumb Code     4  memseta.o(.text)
    __aeabi_memclr4                          0x08000177   Thumb Code     0  memseta.o(.text)
    __aeabi_memclr8                          0x08000177   Thumb Code     0  memseta.o(.text)
    _memset$wrapper                          0x0800017b   Thumb Code    18  memseta.o(.text)
    __scatterload                            0x0800018d   Thumb Code    28  init.o(.text)
    __scatterload_rt2                        0x0800018d   Thumb Code     0  init.o(.text)
    main                                     0x080001b1   Thumb Code    44  system_py32f0xx.o(i.$Sub$$main)
    Error_Handler                            0x08000259   Thumb Code     4  main.o(i.Error_Handler)
    GUI_ShowCHinese                          0x0800025d   Thumb Code   122  oled_gui.o(i.GUI_ShowCHinese)
    GUI_ShowChar                             0x080002d9   Thumb Code   186  oled_gui.o(i.GUI_ShowChar)
    GUI_ShowFont16                           0x0800039d   Thumb Code    94  oled_gui.o(i.GUI_ShowFont16)
    GUI_ShowFont24                           0x08000401   Thumb Code    98  oled_gui.o(i.GUI_ShowFont24)
    GUI_ShowFont32                           0x08000469   Thumb Code    94  oled_gui.o(i.GUI_ShowFont32)
    GUI_ShowString                           0x080004cd   Thumb Code   116  oled_gui.o(i.GUI_ShowString)
    HAL_Delay                                0x08000541   Thumb Code    38  py32f0xx_hal.o(i.HAL_Delay)
    HAL_GPIO_Init                            0x0800056d   Thumb Code   428  py32f0xx_hal_gpio.o(i.HAL_GPIO_Init)
    HAL_GPIO_ReadPin                         0x08000721   Thumb Code    18  py32f0xx_hal_gpio.o(i.HAL_GPIO_ReadPin)
    HAL_GPIO_WritePin                        0x08000733   Thumb Code    12  py32f0xx_hal_gpio.o(i.HAL_GPIO_WritePin)
    HAL_GetTick                              0x08000741   Thumb Code     6  py32f0xx_hal.o(i.HAL_GetTick)
    HAL_I2C_GetState                         0x0800074d   Thumb Code     8  py32f0xx_hal_i2c.o(i.HAL_I2C_GetState)
    HAL_I2C_Init                             0x08000755   Thumb Code   414  py32f0xx_hal_i2c.o(i.HAL_I2C_Init)
    HAL_I2C_Master_Receive                   0x08000909   Thumb Code   796  py32f0xx_hal_i2c.o(i.HAL_I2C_Master_Receive)
    HAL_I2C_Master_Transmit                  0x08000c31   Thumb Code   376  py32f0xx_hal_i2c.o(i.HAL_I2C_Master_Transmit)
    HAL_I2C_MspInit                          0x08000db1   Thumb Code   136  py32f0xx_hal_msp.o(i.HAL_I2C_MspInit)
    HAL_IncTick                              0x08000e3d   Thumb Code    16  py32f0xx_hal.o(i.HAL_IncTick)
    HAL_Init                                 0x08000e55   Thumb Code    26  py32f0xx_hal.o(i.HAL_Init)
    HAL_InitTick                             0x08000e71   Thumb Code    82  py32f0xx_hal.o(i.HAL_InitTick)
    HAL_MspInit                              0x08000ed1   Thumb Code    64  py32f0xx_hal_msp.o(i.HAL_MspInit)
    HAL_NVIC_EnableIRQ                       0x08000f15   Thumb Code    22  py32f0xx_hal_cortex.o(i.HAL_NVIC_EnableIRQ)
    HAL_NVIC_SetPriority                     0x08000f31   Thumb Code    18  py32f0xx_hal_cortex.o(i.HAL_NVIC_SetPriority)
    HAL_RCC_ClockConfig                      0x08000f45   Thumb Code   394  py32f0xx_hal_rcc.o(i.HAL_RCC_ClockConfig)
    HAL_RCC_GetHCLKFreq                      0x080010e9   Thumb Code     6  py32f0xx_hal_rcc.o(i.HAL_RCC_GetHCLKFreq)
    HAL_RCC_GetPCLK1Freq                     0x080010f5   Thumb Code    32  py32f0xx_hal_rcc.o(i.HAL_RCC_GetPCLK1Freq)
    HAL_RCC_GetSysClockFreq                  0x0800111d   Thumb Code   116  py32f0xx_hal_rcc.o(i.HAL_RCC_GetSysClockFreq)
    HAL_RCC_OscConfig                        0x0800119d   Thumb Code   734  py32f0xx_hal_rcc.o(i.HAL_RCC_OscConfig)
    HAL_SYSTICK_Config                       0x0800148d   Thumb Code    46  py32f0xx_hal_cortex.o(i.HAL_SYSTICK_Config)
    HAL_TIMEx_BreakCallback                  0x080014c5   Thumb Code     2  py32f0xx_hal_tim_ex.o(i.HAL_TIMEx_BreakCallback)
    HAL_TIMEx_CommutCallback                 0x080014c7   Thumb Code     2  py32f0xx_hal_tim_ex.o(i.HAL_TIMEx_CommutCallback)
    HAL_TIM_Base_Init                        0x080014c9   Thumb Code    56  py32f0xx_hal_tim.o(i.HAL_TIM_Base_Init)
    HAL_TIM_Base_MspInit                     0x08001501   Thumb Code   164  py32f0xx_hal_msp.o(i.HAL_TIM_Base_MspInit)
    HAL_TIM_Base_Start_IT                    0x080015b1   Thumb Code    42  py32f0xx_hal_tim.o(i.HAL_TIM_Base_Start_IT)
    HAL_TIM_IC_CaptureCallback               0x080015db   Thumb Code     2  py32f0xx_hal_tim.o(i.HAL_TIM_IC_CaptureCallback)
    HAL_TIM_IRQHandler                       0x080015dd   Thumb Code   456  py32f0xx_hal_tim.o(i.HAL_TIM_IRQHandler)
    HAL_TIM_OC_ConfigChannel                 0x080017a5   Thumb Code   118  py32f0xx_hal_tim.o(i.HAL_TIM_OC_ConfigChannel)
    HAL_TIM_OC_DelayElapsedCallback          0x0800181b   Thumb Code     2  py32f0xx_hal_tim.o(i.HAL_TIM_OC_DelayElapsedCallback)
    HAL_TIM_OC_Start                         0x0800181d   Thumb Code    92  py32f0xx_hal_tim.o(i.HAL_TIM_OC_Start)
    HAL_TIM_OC_Stop                          0x08001885   Thumb Code   136  py32f0xx_hal_tim.o(i.HAL_TIM_OC_Stop)
    HAL_TIM_PWM_PulseFinishedCallback        0x0800191d   Thumb Code     2  py32f0xx_hal_tim.o(i.HAL_TIM_PWM_PulseFinishedCallback)
    HAL_TIM_PeriodElapsedCallback            0x08001921   Thumb Code    16  main.o(i.HAL_TIM_PeriodElapsedCallback)
    HAL_TIM_TriggerCallback                  0x08001939   Thumb Code     2  py32f0xx_hal_tim.o(i.HAL_TIM_TriggerCallback)
    HardFault_Handler                        0x0800193b   Thumb Code     4  py32f0xx_it.o(i.HardFault_Handler)
    NMI_Handler                              0x08001d2d   Thumb Code     2  py32f0xx_it.o(i.NMI_Handler)
    OLED_Clear                               0x08001d2f   Thumb Code    74  oled.o(i.OLED_Clear)
    OLED_Display_Off                         0x08001d79   Thumb Code    28  oled.o(i.OLED_Display_Off)
    OLED_Display_On                          0x08001d95   Thumb Code    28  oled.o(i.OLED_Display_On)
    OLED_Init                                0x08001db1   Thumb Code   240  oled.o(i.OLED_Init)
    OLED_Reset                               0x08001ea1   Thumb Code    46  oled.o(i.OLED_Reset)
    OLED_Set_Pos                             0x08001ed5   Thumb Code    48  oled.o(i.OLED_Set_Pos)
    OLED_WR_Byte                             0x08001f05   Thumb Code   126  oled.o(i.OLED_WR_Byte)
    PendSV_Handler                           0x08001f89   Thumb Code     2  py32f0xx_it.o(i.PendSV_Handler)
    SVC_Handler                              0x08001f8b   Thumb Code     2  py32f0xx_it.o(i.SVC_Handler)
    SysTick_Handler                          0x08001f8d   Thumb Code     8  py32f0xx_it.o(i.SysTick_Handler)
    SystemInit                               0x08001f95   Thumb Code    32  system_py32f0xx.o(i.SystemInit)
    TIM1_BRK_UP_TRG_COM_IRQHandler           0x08001fc1   Thumb Code    10  py32f0xx_it.o(i.TIM1_BRK_UP_TRG_COM_IRQHandler)
    TIM3_IRQHandler                          0x08001fd1   Thumb Code    10  py32f0xx_it.o(i.TIM3_IRQHandler)
    TIM_Base_SetConfig                       0x08001fe1   Thumb Code   122  py32f0xx_hal_tim.o(i.TIM_Base_SetConfig)
    TIM_CCxChannelCmd                        0x08002071   Thumb Code    34  py32f0xx_hal_tim.o(i.TIM_CCxChannelCmd)
    TIM_OC2_SetConfig                        0x08002131   Thumb Code   162  py32f0xx_hal_tim.o(i.TIM_OC2_SetConfig)
    __0sprintf$6                             0x08002305   Thumb Code    36  printf6.o(i.__0sprintf$6)
    __1sprintf$6                             0x08002305   Thumb Code     0  printf6.o(i.__0sprintf$6)
    __2sprintf                               0x08002305   Thumb Code     0  printf6.o(i.__0sprintf$6)
    __scatterload_copy                       0x080023a5   Thumb Code    14  handlers.o(i.__scatterload_copy)
    __scatterload_null                       0x080023b3   Thumb Code     2  handlers.o(i.__scatterload_null)
    __scatterload_zeroinit                   0x080023b5   Thumb Code    14  handlers.o(i.__scatterload_zeroinit)
    beep_start                               0x08002721   Thumb Code    22  beep.o(i.beep_start)
    beep_stop                                0x0800273d   Thumb Code    22  beep.o(i.beep_stop)
    do_single_key_detect                     0x08002855   Thumb Code   176  single_key_detect.o(i.do_single_key_detect)
    get_temp                                 0x08002905   Thumb Code   118  temp_sensor.o(i.get_temp)
    init_beep                                0x08002989   Thumb Code    90  beep.o(i.init_beep)
    init_single_key                          0x080029f5   Thumb Code    78  single_key_detect.o(i.init_single_key)
    init_sys                                 0x08002a45   Thumb Code   340  alarm.o(i.init_sys)
    init_temp_sensor                         0x08002bc5   Thumb Code    48  temp_sensor.o(i.init_temp_sensor)
    init_timebase                            0x08002c01   Thumb Code    62  timebase.o(i.init_timebase)
    $Super$$main                             0x08002c4d   Thumb Code    62  main.o(i.main)
    show_alarm_gui                           0x08002c95   Thumb Code  1060  alarm.o(i.show_alarm_gui)
    AHBPrescTable                            0x08003230   Data          64  system_py32f0xx.o(.constdata)
    APBPrescTable                            0x08003270   Data          32  system_py32f0xx.o(.constdata)
    HSIFreqTable                             0x08003290   Data          32  system_py32f0xx.o(.constdata)
    F6x8                                     0x080032e4   Data         570  oled_gui.o(.constdata)
    F8X16                                    0x0800351e   Data        1520  oled_gui.o(.constdata)
    cfont16                                  0x08003b0e   Data         480  oled_gui.o(.constdata)
    cfont24                                  0x08003cee   Data          72  oled_gui.o(.constdata)
    cfont32                                  0x08003d36   Data         128  oled_gui.o(.constdata)
    Region$$Table$$Base                      0x08003dcc   Number         0  anon$$obj.o(Region$$Table)
    Region$$Table$$Limit                     0x08003dec   Number         0  anon$$obj.o(Region$$Table)
    VECT_SRAM_TAB                            0x20000000   Data         192  system_py32f0xx.o(.ARM.__at_0x20000000)
    SystemCoreClock                          0x200000c0   Data           4  system_py32f0xx.o(.data)
    uwTick                                   0x200000d4   Data           4  py32f0xx_hal.o(.data)
    uwTickPrio                               0x200000d8   Data           4  py32f0xx_hal.o(.data)
    uwTickFreq                               0x200000dc   Data           4  py32f0xx_hal.o(.data)
    keys                                     0x200000e0   Data          84  main.o(.bss)
    TimHandle                                0x20000134   Data          64  timebase.o(.bss)
    BeepTimHandle                            0x200001bc   Data          64  beep.o(.bss)
    __initial_sp                             0x20000600   Data           0  startup_py32f003xx.o(STACK)



==============================================================================

Memory Map of the image

  Image Entry point : 0x080000c1

  Load Region LR_IROM1 (Base: 0x08000000, Size: 0x00003ecc, Max: 0x00010000, ABSOLUTE)

    Execution Region ER_IROM1 (Exec base: 0x08000000, Load base: 0x08000000, Size: 0x00003dec, Max: 0x00010000, ABSOLUTE)

    Exec Addr    Load Addr    Size         Type   Attr      Idx    E Section Name        Object

    0x08000000   0x08000000   0x000000c0   Data   RO          118    RESET               startup_py32f003xx.o
    0x080000c0   0x080000c0   0x00000000   Code   RO         2676  * .ARM.Collect$$$$00000000  mc_p.l(entry.o)
    0x080000c0   0x080000c0   0x00000004   Code   RO         2950    .ARM.Collect$$$$00000001  mc_p.l(entry2.o)
    0x080000c4   0x080000c4   0x00000004   Code   RO         2953    .ARM.Collect$$$$00000004  mc_p.l(entry5.o)
    0x080000c8   0x080000c8   0x00000000   Code   RO         2955    .ARM.Collect$$$$00000008  mc_p.l(entry7b.o)
    0x080000c8   0x080000c8   0x00000000   Code   RO         2957    .ARM.Collect$$$$0000000A  mc_p.l(entry8b.o)
    0x080000c8   0x080000c8   0x00000008   Code   RO         2958    .ARM.Collect$$$$0000000B  mc_p.l(entry9a.o)
    0x080000d0   0x080000d0   0x00000000   Code   RO         2960    .ARM.Collect$$$$0000000D  mc_p.l(entry10a.o)
    0x080000d0   0x080000d0   0x00000000   Code   RO         2962    .ARM.Collect$$$$0000000F  mc_p.l(entry11a.o)
    0x080000d0   0x080000d0   0x00000004   Code   RO         2951    .ARM.Collect$$$$00002712  mc_p.l(entry2.o)
    0x080000d4   0x080000d4   0x0000001c   Code   RO          119    .text               startup_py32f003xx.o
    0x080000f0   0x080000f0   0x0000002c   Code   RO         2679    .text               mc_p.l(uidiv.o)
    0x0800011c   0x0800011c   0x00000028   Code   RO         2681    .text               mc_p.l(idiv.o)
    0x08000144   0x08000144   0x00000024   Code   RO         2683    .text               mc_p.l(memcpya.o)
    0x08000168   0x08000168   0x00000024   Code   RO         2685    .text               mc_p.l(memseta.o)
    0x0800018c   0x0800018c   0x00000024   Code   RO         2980    .text               mc_p.l(init.o)
    0x080001b0   0x080001b0   0x00000034   Code   RO            3    i.$Sub$$main        system_py32f0xx.o
    0x080001e4   0x080001e4   0x00000074   Code   RO          125    i.APP_SystemClockConfig  main.o
    0x08000258   0x08000258   0x00000004   Code   RO          126    i.Error_Handler     main.o
    0x0800025c   0x0800025c   0x0000007a   Code   RO          499    i.GUI_ShowCHinese   oled_gui.o
    0x080002d6   0x080002d6   0x00000002   PAD
    0x080002d8   0x080002d8   0x000000c4   Code   RO          500    i.GUI_ShowChar      oled_gui.o
    0x0800039c   0x0800039c   0x00000064   Code   RO          501    i.GUI_ShowFont16    oled_gui.o
    0x08000400   0x08000400   0x00000068   Code   RO          502    i.GUI_ShowFont24    oled_gui.o
    0x08000468   0x08000468   0x00000064   Code   RO          503    i.GUI_ShowFont32    oled_gui.o
    0x080004cc   0x080004cc   0x00000074   Code   RO          505    i.GUI_ShowString    oled_gui.o
    0x08000540   0x08000540   0x0000002c   Code   RO          644    i.HAL_Delay         py32f0xx_hal.o
    0x0800056c   0x0800056c   0x000001b4   Code   RO         1218    i.HAL_GPIO_Init     py32f0xx_hal_gpio.o
    0x08000720   0x08000720   0x00000012   Code   RO         1220    i.HAL_GPIO_ReadPin  py32f0xx_hal_gpio.o
    0x08000732   0x08000732   0x0000000c   Code   RO         1222    i.HAL_GPIO_WritePin  py32f0xx_hal_gpio.o
    0x0800073e   0x0800073e   0x00000002   PAD
    0x08000740   0x08000740   0x0000000c   Code   RO          648    i.HAL_GetTick       py32f0xx_hal.o
    0x0800074c   0x0800074c   0x00000008   Code   RO         2230    i.HAL_I2C_GetState  py32f0xx_hal_i2c.o
    0x08000754   0x08000754   0x000001b4   Code   RO         2231    i.HAL_I2C_Init      py32f0xx_hal_i2c.o
    0x08000908   0x08000908   0x00000328   Code   RO         2237    i.HAL_I2C_Master_Receive  py32f0xx_hal_i2c.o
    0x08000c30   0x08000c30   0x00000180   Code   RO         2244    i.HAL_I2C_Master_Transmit  py32f0xx_hal_i2c.o
    0x08000db0   0x08000db0   0x0000008c   Code   RO          226    i.HAL_I2C_MspInit   py32f0xx_hal_msp.o
    0x08000e3c   0x08000e3c   0x00000018   Code   RO          654    i.HAL_IncTick       py32f0xx_hal.o
    0x08000e54   0x08000e54   0x0000001a   Code   RO          655    i.HAL_Init          py32f0xx_hal.o
    0x08000e6e   0x08000e6e   0x00000002   PAD
    0x08000e70   0x08000e70   0x00000060   Code   RO          656    i.HAL_InitTick      py32f0xx_hal.o
    0x08000ed0   0x08000ed0   0x00000044   Code   RO          227    i.HAL_MspInit       py32f0xx_hal_msp.o
    0x08000f14   0x08000f14   0x0000001c   Code   RO          795    i.HAL_NVIC_EnableIRQ  py32f0xx_hal_cortex.o
    0x08000f30   0x08000f30   0x00000012   Code   RO          799    i.HAL_NVIC_SetPriority  py32f0xx_hal_cortex.o
    0x08000f42   0x08000f42   0x00000002   PAD
    0x08000f44   0x08000f44   0x000001a4   Code   RO         1085    i.HAL_RCC_ClockConfig  py32f0xx_hal_rcc.o
    0x080010e8   0x080010e8   0x0000000c   Code   RO         1089    i.HAL_RCC_GetHCLKFreq  py32f0xx_hal_rcc.o
    0x080010f4   0x080010f4   0x00000028   Code   RO         1091    i.HAL_RCC_GetPCLK1Freq  py32f0xx_hal_rcc.o
    0x0800111c   0x0800111c   0x00000080   Code   RO         1092    i.HAL_RCC_GetSysClockFreq  py32f0xx_hal_rcc.o
    0x0800119c   0x0800119c   0x000002f0   Code   RO         1095    i.HAL_RCC_OscConfig  py32f0xx_hal_rcc.o
    0x0800148c   0x0800148c   0x00000038   Code   RO          803    i.HAL_SYSTICK_Config  py32f0xx_hal_cortex.o
    0x080014c4   0x080014c4   0x00000002   Code   RO         1973    i.HAL_TIMEx_BreakCallback  py32f0xx_hal_tim_ex.o
    0x080014c6   0x080014c6   0x00000002   Code   RO         1974    i.HAL_TIMEx_CommutCallback  py32f0xx_hal_tim_ex.o
    0x080014c8   0x080014c8   0x00000038   Code   RO         1279    i.HAL_TIM_Base_Init  py32f0xx_hal_tim.o
    0x08001500   0x08001500   0x000000b0   Code   RO          228    i.HAL_TIM_Base_MspInit  py32f0xx_hal_msp.o
    0x080015b0   0x080015b0   0x0000002a   Code   RO         1284    i.HAL_TIM_Base_Start_IT  py32f0xx_hal_tim.o
    0x080015da   0x080015da   0x00000002   Code   RO         1310    i.HAL_TIM_IC_CaptureCallback  py32f0xx_hal_tim.o
    0x080015dc   0x080015dc   0x000001c8   Code   RO         1324    i.HAL_TIM_IRQHandler  py32f0xx_hal_tim.o
    0x080017a4   0x080017a4   0x00000076   Code   RO         1325    i.HAL_TIM_OC_ConfigChannel  py32f0xx_hal_tim.o
    0x0800181a   0x0800181a   0x00000002   Code   RO         1327    i.HAL_TIM_OC_DelayElapsedCallback  py32f0xx_hal_tim.o
    0x0800181c   0x0800181c   0x00000068   Code   RO         1332    i.HAL_TIM_OC_Start  py32f0xx_hal_tim.o
    0x08001884   0x08001884   0x00000098   Code   RO         1335    i.HAL_TIM_OC_Stop   py32f0xx_hal_tim.o
    0x0800191c   0x0800191c   0x00000002   Code   RO         1354    i.HAL_TIM_PWM_PulseFinishedCallback  py32f0xx_hal_tim.o
    0x0800191e   0x0800191e   0x00000002   PAD
    0x08001920   0x08001920   0x00000018   Code   RO          127    i.HAL_TIM_PeriodElapsedCallback  main.o
    0x08001938   0x08001938   0x00000002   Code   RO         1367    i.HAL_TIM_TriggerCallback  py32f0xx_hal_tim.o
    0x0800193a   0x0800193a   0x00000004   Code   RO          258    i.HardFault_Handler  py32f0xx_it.o
    0x0800193e   0x0800193e   0x00000042   Code   RO         2274    i.I2C_IsAcknowledgeFailed  py32f0xx_hal_i2c.o
    0x08001980   0x08001980   0x00000090   Code   RO         2277    i.I2C_MasterRequestRead  py32f0xx_hal_i2c.o
    0x08001a10   0x08001a10   0x00000080   Code   RO         2278    i.I2C_MasterRequestWrite  py32f0xx_hal_i2c.o
    0x08001a90   0x08001a90   0x00000064   Code   RO         2293    i.I2C_WaitOnBTFFlagUntilTimeout  py32f0xx_hal_i2c.o
    0x08001af4   0x08001af4   0x00000082   Code   RO         2294    i.I2C_WaitOnFlagUntilTimeout  py32f0xx_hal_i2c.o
    0x08001b76   0x08001b76   0x00000002   PAD
    0x08001b78   0x08001b78   0x000000cc   Code   RO         2295    i.I2C_WaitOnMasterAddressFlagUntilTimeout  py32f0xx_hal_i2c.o
    0x08001c44   0x08001c44   0x00000084   Code   RO         2296    i.I2C_WaitOnRXNEFlagUntilTimeout  py32f0xx_hal_i2c.o
    0x08001cc8   0x08001cc8   0x00000064   Code   RO         2298    i.I2C_WaitOnTXEFlagUntilTimeout  py32f0xx_hal_i2c.o
    0x08001d2c   0x08001d2c   0x00000002   Code   RO          259    i.NMI_Handler       py32f0xx_it.o
    0x08001d2e   0x08001d2e   0x0000004a   Code   RO          436    i.OLED_Clear        oled.o
    0x08001d78   0x08001d78   0x0000001c   Code   RO          437    i.OLED_Display_Off  oled.o
    0x08001d94   0x08001d94   0x0000001c   Code   RO          438    i.OLED_Display_On   oled.o
    0x08001db0   0x08001db0   0x000000f0   Code   RO          439    i.OLED_Init         oled.o
    0x08001ea0   0x08001ea0   0x00000034   Code   RO          440    i.OLED_Reset        oled.o
    0x08001ed4   0x08001ed4   0x00000030   Code   RO          441    i.OLED_Set_Pos      oled.o
    0x08001f04   0x08001f04   0x00000084   Code   RO          442    i.OLED_WR_Byte      oled.o
    0x08001f88   0x08001f88   0x00000002   Code   RO          260    i.PendSV_Handler    py32f0xx_it.o
    0x08001f8a   0x08001f8a   0x00000002   Code   RO          261    i.SVC_Handler       py32f0xx_it.o
    0x08001f8c   0x08001f8c   0x00000008   Code   RO          262    i.SysTick_Handler   py32f0xx_it.o
    0x08001f94   0x08001f94   0x0000002c   Code   RO            5    i.SystemInit        system_py32f0xx.o
    0x08001fc0   0x08001fc0   0x00000010   Code   RO          263    i.TIM1_BRK_UP_TRG_COM_IRQHandler  py32f0xx_it.o
    0x08001fd0   0x08001fd0   0x00000010   Code   RO          264    i.TIM3_IRQHandler   py32f0xx_it.o
    0x08001fe0   0x08001fe0   0x00000090   Code   RO         1369    i.TIM_Base_SetConfig  py32f0xx_hal_tim.o
    0x08002070   0x08002070   0x00000022   Code   RO         1370    i.TIM_CCxChannelCmd  py32f0xx_hal_tim.o
    0x08002092   0x08002092   0x00000002   PAD
    0x08002094   0x08002094   0x0000009c   Code   RO         1382    i.TIM_OC1_SetConfig  py32f0xx_hal_tim.o
    0x08002130   0x08002130   0x000000b0   Code   RO         1383    i.TIM_OC2_SetConfig  py32f0xx_hal_tim.o
    0x080021e0   0x080021e0   0x000000ac   Code   RO         1384    i.TIM_OC3_SetConfig  py32f0xx_hal_tim.o
    0x0800228c   0x0800228c   0x00000078   Code   RO         1385    i.TIM_OC4_SetConfig  py32f0xx_hal_tim.o
    0x08002304   0x08002304   0x00000028   Code   RO         2846    i.__0sprintf$6      mc_p.l(printf6.o)
    0x0800232c   0x0800232c   0x00000078   Code   RO          805    i.__NVIC_SetPriority  py32f0xx_hal_cortex.o
    0x080023a4   0x080023a4   0x0000000e   Code   RO         2996    i.__scatterload_copy  mc_p.l(handlers.o)
    0x080023b2   0x080023b2   0x00000002   Code   RO         2997    i.__scatterload_null  mc_p.l(handlers.o)
    0x080023b4   0x080023b4   0x0000000e   Code   RO         2998    i.__scatterload_zeroinit  mc_p.l(handlers.o)
    0x080023c2   0x080023c2   0x00000002   PAD
    0x080023c4   0x080023c4   0x00000304   Code   RO         2851    i._printf_core      mc_p.l(printf6.o)
    0x080026c8   0x080026c8   0x00000020   Code   RO         2852    i._printf_post_padding  mc_p.l(printf6.o)
    0x080026e8   0x080026e8   0x0000002c   Code   RO         2853    i._printf_pre_padding  mc_p.l(printf6.o)
    0x08002714   0x08002714   0x0000000a   Code   RO         2855    i._sputc            mc_p.l(printf6.o)
    0x0800271e   0x0800271e   0x00000002   PAD
    0x08002720   0x08002720   0x0000001c   Code   RO          606    i.beep_start        beep.o
    0x0800273c   0x0800273c   0x0000001c   Code   RO          607    i.beep_stop         beep.o
    0x08002758   0x08002758   0x000000fc   Code   RO          318    i.change_num        alarm.o
    0x08002854   0x08002854   0x000000b0   Code   RO          381    i.do_single_key_detect  single_key_detect.o
    0x08002904   0x08002904   0x00000084   Code   RO          574    i.get_temp          temp_sensor.o
    0x08002988   0x08002988   0x0000006c   Code   RO          608    i.init_beep         beep.o
    0x080029f4   0x080029f4   0x0000004e   Code   RO          382    i.init_single_key   single_key_detect.o
    0x08002a42   0x08002a42   0x00000002   PAD
    0x08002a44   0x08002a44   0x00000180   Code   RO          319    i.init_sys          alarm.o
    0x08002bc4   0x08002bc4   0x0000003c   Code   RO          575    i.init_temp_sensor  temp_sensor.o
    0x08002c00   0x08002c00   0x0000004c   Code   RO          407    i.init_timebase     timebase.o
    0x08002c4c   0x08002c4c   0x00000048   Code   RO          128    i.main              main.o
    0x08002c94   0x08002c94   0x00000424   Code   RO          320    i.show_alarm_gui    alarm.o
    0x080030b8   0x080030b8   0x000000cc   Code   RO          321    i.single_key_callback  alarm.o
    0x08003184   0x08003184   0x000000ac   Code   RO          322    i.upd_running_mode  alarm.o
    0x08003230   0x08003230   0x00000080   Data   RO            7    .constdata          system_py32f0xx.o
    0x080032b0   0x080032b0   0x00000034   Data   RO          323    .constdata          alarm.o
    0x080032e4   0x080032e4   0x00000ad2   Data   RO          507    .constdata          oled_gui.o
    0x08003db6   0x08003db6   0x00000002   PAD
    0x08003db8   0x08003db8   0x00000014   Data   RO         1096    .constdata          py32f0xx_hal_rcc.o
    0x08003dcc   0x08003dcc   0x00000020   Data   RO         2994    Region$$Table       anon$$obj.o


    Execution Region RW_IRAM1 (Exec base: 0x20000000, Load base: 0x08003dec, Size: 0x00000600, Max: 0x00004000, ABSOLUTE)

    Exec Addr    Load Addr    Size         Type   Attr      Idx    E Section Name        Object

    0x20000000   0x08003dec   0x000000c0   Data   RW            6    .ARM.__at_0x20000000  system_py32f0xx.o
    0x200000c0   0x08003eac   0x00000004   Data   RW            8    .data               system_py32f0xx.o
    0x200000c4   0x08003eb0   0x00000001   Data   RW          130    .data               main.o
    0x200000c5   0x08003eb1   0x0000000d   Data   RW          324    .data               alarm.o
    0x200000d2   0x08003ebe   0x00000002   Data   RW          577    .data               temp_sensor.o
    0x200000d4   0x08003ec0   0x0000000c   Data   RW          663    .data               py32f0xx_hal.o
    0x200000e0        -       0x00000054   Zero   RW          129    .bss                main.o
    0x20000134        -       0x00000040   Zero   RW          408    .bss                timebase.o
    0x20000174        -       0x00000048   Zero   RW          576    .bss                temp_sensor.o
    0x200001bc        -       0x00000040   Zero   RW          609    .bss                beep.o
    0x200001fc   0x08003ecc   0x00000004   PAD
    0x20000200        -       0x00000400   Zero   RW          116    STACK               startup_py32f003xx.o


==============================================================================

Image component sizes


      Code (inc. data)   RO Data    RW Data    ZI Data      Debug   Object Name

      2072        134         52         13          0       4267   alarm.o
       164         30          0          0         64       1605   beep.o
       216         24          0          1         84      73906   main.o
       602         12          0          0          0       4441   oled.o
       738         28       2770          0          0       5774   oled_gui.o
       202         34          0         12          0       3357   py32f0xx_hal.o
       222         26          0          0          0      10469   py32f0xx_hal_cortex.o
       466          8          0          0          0       2571   py32f0xx_hal_gpio.o
      2640         62          0          0          0      11021   py32f0xx_hal_i2c.o
       384         20          0          0          0       2063   py32f0xx_hal_msp.o
      1352         70         20          0          0       4213   py32f0xx_hal_rcc.o
      1738        104          0          0          0      10051   py32f0xx_hal_tim.o
         4          0          0          0          0       1309   py32f0xx_hal_tim_ex.o
        50         12          0          0          0       2738   py32f0xx_it.o
       254          0          0          0          0       1577   single_key_detect.o
        28          8        192          0       1024        556   startup_py32f003xx.o
        96         20        128        196          0     233523   system_py32f0xx.o
       192         26          0          2         72       1566   temp_sensor.o
        76         14          0          0         64        664   timebase.o

    ----------------------------------------------------------------------
     11512        632       3196        224       1312     375671   Object Totals
         0          0         32          0          0          0   (incl. Generated)
        16          0          2          0          4          0   (incl. Padding)

    ----------------------------------------------------------------------

      Code (inc. data)   RO Data    RW Data    ZI Data      Debug   Library Member Name

         0          0          0          0          0          0   entry.o
         0          0          0          0          0          0   entry10a.o
         0          0          0          0          0          0   entry11a.o
         8          4          0          0          0          0   entry2.o
         4          0          0          0          0          0   entry5.o
         0          0          0          0          0          0   entry7b.o
         0          0          0          0          0          0   entry8b.o
         8          4          0          0          0          0   entry9a.o
        30          0          0          0          0          0   handlers.o
        40          0          0          0          0         72   idiv.o
        36          8          0          0          0         68   init.o
        36          0          0          0          0         60   memcpya.o
        36          0          0          0          0        100   memseta.o
       898          8          0          0          0        384   printf6.o
        44          0          0          0          0         72   uidiv.o

    ----------------------------------------------------------------------
      1144         24          0          0          0        756   Library Totals
         4          0          0          0          0          0   (incl. Padding)

    ----------------------------------------------------------------------

      Code (inc. data)   RO Data    RW Data    ZI Data      Debug   Library Name

      1140         24          0          0          0        756   mc_p.l

    ----------------------------------------------------------------------
      1144         24          0          0          0        756   Library Totals

    ----------------------------------------------------------------------

==============================================================================


      Code (inc. data)   RO Data    RW Data    ZI Data      Debug   

     12656        656       3196        224       1312     372575   Grand Totals
     12656        656       3196        224       1312     372575   ELF Image Totals
     12656        656       3196        224          0          0   ROM Totals

==============================================================================

    Total RO  Size (Code + RO Data)                15852 (  15.48kB)
    Total RW  Size (RW Data + ZI Data)              1536 (   1.50kB)
    Total ROM Size (Code + RO Data + RW Data)      16076 (  15.70kB)

==============================================================================

